Archive member included to satisfy reference by file (symbol)

f:/softwares_installed/docnav/stm32_cubeide/stm32cubeide_1.10.1/stm32cubeide/plugins/com.st.stm32cube.ide.mcu.externaltools.gnu-tools-for-stm32.10.3-2021.10.win32_1.0.0.202111181127/tools/bin/../lib/gcc/arm-none-eabi/10.3.1/../../../../arm-none-eabi/lib/thumb/v7e-m+fp/hard\libc_nano.a(lib_a-errno.o)
                              ./Src/syscalls.o (__errno)
f:/softwares_installed/docnav/stm32_cubeide/stm32cubeide_1.10.1/stm32cubeide/plugins/com.st.stm32cube.ide.mcu.externaltools.gnu-tools-for-stm32.10.3-2021.10.win32_1.0.0.202111181127/tools/bin/../lib/gcc/arm-none-eabi/10.3.1/../../../../arm-none-eabi/lib/thumb/v7e-m+fp/hard\libc_nano.a(lib_a-exit.o)
                              f:/softwares_installed/docnav/stm32_cubeide/stm32cubeide_1.10.1/stm32cubeide/plugins/com.st.stm32cube.ide.mcu.externaltools.gnu-tools-for-stm32.10.3-2021.10.win32_1.0.0.202111181127/tools/bin/../lib/gcc/arm-none-eabi/10.3.1/../../../../arm-none-eabi/lib/thumb/v7e-m+fp/hard/crt0.o (exit)
f:/softwares_installed/docnav/stm32_cubeide/stm32cubeide_1.10.1/stm32cubeide/plugins/com.st.stm32cube.ide.mcu.externaltools.gnu-tools-for-stm32.10.3-2021.10.win32_1.0.0.202111181127/tools/bin/../lib/gcc/arm-none-eabi/10.3.1/../../../../arm-none-eabi/lib/thumb/v7e-m+fp/hard\libc_nano.a(lib_a-impure.o)
                              f:/softwares_installed/docnav/stm32_cubeide/stm32cubeide_1.10.1/stm32cubeide/plugins/com.st.stm32cube.ide.mcu.externaltools.gnu-tools-for-stm32.10.3-2021.10.win32_1.0.0.202111181127/tools/bin/../lib/gcc/arm-none-eabi/10.3.1/../../../../arm-none-eabi/lib/thumb/v7e-m+fp/hard\libc_nano.a(lib_a-exit.o) (_global_impure_ptr)
f:/softwares_installed/docnav/stm32_cubeide/stm32cubeide_1.10.1/stm32cubeide/plugins/com.st.stm32cube.ide.mcu.externaltools.gnu-tools-for-stm32.10.3-2021.10.win32_1.0.0.202111181127/tools/bin/../lib/gcc/arm-none-eabi/10.3.1/../../../../arm-none-eabi/lib/thumb/v7e-m+fp/hard\libc_nano.a(lib_a-init.o)
                              f:/softwares_installed/docnav/stm32_cubeide/stm32cubeide_1.10.1/stm32cubeide/plugins/com.st.stm32cube.ide.mcu.externaltools.gnu-tools-for-stm32.10.3-2021.10.win32_1.0.0.202111181127/tools/bin/../lib/gcc/arm-none-eabi/10.3.1/../../../../arm-none-eabi/lib/thumb/v7e-m+fp/hard/crt0.o (__libc_init_array)
f:/softwares_installed/docnav/stm32_cubeide/stm32cubeide_1.10.1/stm32cubeide/plugins/com.st.stm32cube.ide.mcu.externaltools.gnu-tools-for-stm32.10.3-2021.10.win32_1.0.0.202111181127/tools/bin/../lib/gcc/arm-none-eabi/10.3.1/../../../../arm-none-eabi/lib/thumb/v7e-m+fp/hard\libc_nano.a(lib_a-memset.o)
                              f:/softwares_installed/docnav/stm32_cubeide/stm32cubeide_1.10.1/stm32cubeide/plugins/com.st.stm32cube.ide.mcu.externaltools.gnu-tools-for-stm32.10.3-2021.10.win32_1.0.0.202111181127/tools/bin/../lib/gcc/arm-none-eabi/10.3.1/../../../../arm-none-eabi/lib/thumb/v7e-m+fp/hard/crt0.o (memset)
f:/softwares_installed/docnav/stm32_cubeide/stm32cubeide_1.10.1/stm32cubeide/plugins/com.st.stm32cube.ide.mcu.externaltools.gnu-tools-for-stm32.10.3-2021.10.win32_1.0.0.202111181127/tools/bin/../lib/gcc/arm-none-eabi/10.3.1/../../../../arm-none-eabi/lib/thumb/v7e-m+fp/hard\libc_nano.a(lib_a-strlen.o)
                              ./Src/005_SPI_CmdTxRx_v3.o (strlen)

Discarded input sections

 .text          0x0000000000000000        0x0 f:/softwares_installed/docnav/stm32_cubeide/stm32cubeide_1.10.1/stm32cubeide/plugins/com.st.stm32cube.ide.mcu.externaltools.gnu-tools-for-stm32.10.3-2021.10.win32_1.0.0.202111181127/tools/bin/../lib/gcc/arm-none-eabi/10.3.1/thumb/v7e-m+fp/hard/crti.o
 .data          0x0000000000000000        0x0 f:/softwares_installed/docnav/stm32_cubeide/stm32cubeide_1.10.1/stm32cubeide/plugins/com.st.stm32cube.ide.mcu.externaltools.gnu-tools-for-stm32.10.3-2021.10.win32_1.0.0.202111181127/tools/bin/../lib/gcc/arm-none-eabi/10.3.1/thumb/v7e-m+fp/hard/crti.o
 .bss           0x0000000000000000        0x0 f:/softwares_installed/docnav/stm32_cubeide/stm32cubeide_1.10.1/stm32cubeide/plugins/com.st.stm32cube.ide.mcu.externaltools.gnu-tools-for-stm32.10.3-2021.10.win32_1.0.0.202111181127/tools/bin/../lib/gcc/arm-none-eabi/10.3.1/thumb/v7e-m+fp/hard/crti.o
 .data          0x0000000000000000        0x4 f:/softwares_installed/docnav/stm32_cubeide/stm32cubeide_1.10.1/stm32cubeide/plugins/com.st.stm32cube.ide.mcu.externaltools.gnu-tools-for-stm32.10.3-2021.10.win32_1.0.0.202111181127/tools/bin/../lib/gcc/arm-none-eabi/10.3.1/thumb/v7e-m+fp/hard/crtbegin.o
 .rodata        0x0000000000000000       0x24 f:/softwares_installed/docnav/stm32_cubeide/stm32cubeide_1.10.1/stm32cubeide/plugins/com.st.stm32cube.ide.mcu.externaltools.gnu-tools-for-stm32.10.3-2021.10.win32_1.0.0.202111181127/tools/bin/../lib/gcc/arm-none-eabi/10.3.1/thumb/v7e-m+fp/hard/crtbegin.o
 .text          0x0000000000000000       0x7c f:/softwares_installed/docnav/stm32_cubeide/stm32cubeide_1.10.1/stm32cubeide/plugins/com.st.stm32cube.ide.mcu.externaltools.gnu-tools-for-stm32.10.3-2021.10.win32_1.0.0.202111181127/tools/bin/../lib/gcc/arm-none-eabi/10.3.1/../../../../arm-none-eabi/lib/thumb/v7e-m+fp/hard/crt0.o
 .data          0x0000000000000000        0x0 f:/softwares_installed/docnav/stm32_cubeide/stm32cubeide_1.10.1/stm32cubeide/plugins/com.st.stm32cube.ide.mcu.externaltools.gnu-tools-for-stm32.10.3-2021.10.win32_1.0.0.202111181127/tools/bin/../lib/gcc/arm-none-eabi/10.3.1/../../../../arm-none-eabi/lib/thumb/v7e-m+fp/hard/crt0.o
 .bss           0x0000000000000000        0x0 f:/softwares_installed/docnav/stm32_cubeide/stm32cubeide_1.10.1/stm32cubeide/plugins/com.st.stm32cube.ide.mcu.externaltools.gnu-tools-for-stm32.10.3-2021.10.win32_1.0.0.202111181127/tools/bin/../lib/gcc/arm-none-eabi/10.3.1/../../../../arm-none-eabi/lib/thumb/v7e-m+fp/hard/crt0.o
 .ARM.extab     0x0000000000000000        0x0 f:/softwares_installed/docnav/stm32_cubeide/stm32cubeide_1.10.1/stm32cubeide/plugins/com.st.stm32cube.ide.mcu.externaltools.gnu-tools-for-stm32.10.3-2021.10.win32_1.0.0.202111181127/tools/bin/../lib/gcc/arm-none-eabi/10.3.1/../../../../arm-none-eabi/lib/thumb/v7e-m+fp/hard/crt0.o
 .ARM.exidx     0x0000000000000000       0x10 f:/softwares_installed/docnav/stm32_cubeide/stm32cubeide_1.10.1/stm32cubeide/plugins/com.st.stm32cube.ide.mcu.externaltools.gnu-tools-for-stm32.10.3-2021.10.win32_1.0.0.202111181127/tools/bin/../lib/gcc/arm-none-eabi/10.3.1/../../../../arm-none-eabi/lib/thumb/v7e-m+fp/hard/crt0.o
 .ARM.attributes
                0x0000000000000000       0x1c f:/softwares_installed/docnav/stm32_cubeide/stm32cubeide_1.10.1/stm32cubeide/plugins/com.st.stm32cube.ide.mcu.externaltools.gnu-tools-for-stm32.10.3-2021.10.win32_1.0.0.202111181127/tools/bin/../lib/gcc/arm-none-eabi/10.3.1/../../../../arm-none-eabi/lib/thumb/v7e-m+fp/hard/crt0.o
 .group         0x0000000000000000        0xc ./Drivers/Src/stm32f407xx_gpio_drv.o
 .group         0x0000000000000000        0xc ./Drivers/Src/stm32f407xx_gpio_drv.o
 .group         0x0000000000000000        0xc ./Drivers/Src/stm32f407xx_gpio_drv.o
 .group         0x0000000000000000        0xc ./Drivers/Src/stm32f407xx_gpio_drv.o
 .group         0x0000000000000000        0xc ./Drivers/Src/stm32f407xx_gpio_drv.o
 .group         0x0000000000000000        0xc ./Drivers/Src/stm32f407xx_gpio_drv.o
 .group         0x0000000000000000        0xc ./Drivers/Src/stm32f407xx_gpio_drv.o
 .group         0x0000000000000000        0xc ./Drivers/Src/stm32f407xx_gpio_drv.o
 .group         0x0000000000000000        0xc ./Drivers/Src/stm32f407xx_gpio_drv.o
 .group         0x0000000000000000        0xc ./Drivers/Src/stm32f407xx_gpio_drv.o
 .group         0x0000000000000000        0xc ./Drivers/Src/stm32f407xx_gpio_drv.o
 .group         0x0000000000000000        0xc ./Drivers/Src/stm32f407xx_gpio_drv.o
 .group         0x0000000000000000        0xc ./Drivers/Src/stm32f407xx_gpio_drv.o
 .group         0x0000000000000000        0xc ./Drivers/Src/stm32f407xx_gpio_drv.o
 .group         0x0000000000000000        0xc ./Drivers/Src/stm32f407xx_gpio_drv.o
 .group         0x0000000000000000        0xc ./Drivers/Src/stm32f407xx_gpio_drv.o
 .group         0x0000000000000000        0xc ./Drivers/Src/stm32f407xx_gpio_drv.o
 .group         0x0000000000000000        0xc ./Drivers/Src/stm32f407xx_gpio_drv.o
 .group         0x0000000000000000        0xc ./Drivers/Src/stm32f407xx_gpio_drv.o
 .group         0x0000000000000000        0xc ./Drivers/Src/stm32f407xx_gpio_drv.o
 .group         0x0000000000000000        0xc ./Drivers/Src/stm32f407xx_gpio_drv.o
 .group         0x0000000000000000        0xc ./Drivers/Src/stm32f407xx_gpio_drv.o
 .group         0x0000000000000000        0xc ./Drivers/Src/stm32f407xx_gpio_drv.o
 .group         0x0000000000000000        0xc ./Drivers/Src/stm32f407xx_gpio_drv.o
 .group         0x0000000000000000        0xc ./Drivers/Src/stm32f407xx_gpio_drv.o
 .group         0x0000000000000000        0xc ./Drivers/Src/stm32f407xx_gpio_drv.o
 .group         0x0000000000000000        0xc ./Drivers/Src/stm32f407xx_gpio_drv.o
 .text          0x0000000000000000        0x0 ./Drivers/Src/stm32f407xx_gpio_drv.o
 .data          0x0000000000000000        0x0 ./Drivers/Src/stm32f407xx_gpio_drv.o
 .bss           0x0000000000000000        0x0 ./Drivers/Src/stm32f407xx_gpio_drv.o
 .text.GPIO_DeInit
                0x0000000000000000      0x16c ./Drivers/Src/stm32f407xx_gpio_drv.o
 .text.GPIO_PortRead
                0x0000000000000000       0x1a ./Drivers/Src/stm32f407xx_gpio_drv.o
 .text.GPIO_OPortWrite
                0x0000000000000000       0x1e ./Drivers/Src/stm32f407xx_gpio_drv.o
 .text.GPIO_ToggleOpin
                0x0000000000000000       0x2a ./Drivers/Src/stm32f407xx_gpio_drv.o
 .text.GPIO_IRQconfig
                0x0000000000000000      0x13c ./Drivers/Src/stm32f407xx_gpio_drv.o
 .text.GPIO_IRQhandler
                0x0000000000000000       0x40 ./Drivers/Src/stm32f407xx_gpio_drv.o
 .group         0x0000000000000000        0xc ./Drivers/Src/stm32f407xx_spi_driver.o
 .group         0x0000000000000000        0xc ./Drivers/Src/stm32f407xx_spi_driver.o
 .group         0x0000000000000000        0xc ./Drivers/Src/stm32f407xx_spi_driver.o
 .group         0x0000000000000000        0xc ./Drivers/Src/stm32f407xx_spi_driver.o
 .group         0x0000000000000000        0xc ./Drivers/Src/stm32f407xx_spi_driver.o
 .group         0x0000000000000000        0xc ./Drivers/Src/stm32f407xx_spi_driver.o
 .group         0x0000000000000000        0xc ./Drivers/Src/stm32f407xx_spi_driver.o
 .group         0x0000000000000000        0xc ./Drivers/Src/stm32f407xx_spi_driver.o
 .group         0x0000000000000000        0xc ./Drivers/Src/stm32f407xx_spi_driver.o
 .group         0x0000000000000000        0xc ./Drivers/Src/stm32f407xx_spi_driver.o
 .group         0x0000000000000000        0xc ./Drivers/Src/stm32f407xx_spi_driver.o
 .group         0x0000000000000000        0xc ./Drivers/Src/stm32f407xx_spi_driver.o
 .group         0x0000000000000000        0xc ./Drivers/Src/stm32f407xx_spi_driver.o
 .group         0x0000000000000000        0xc ./Drivers/Src/stm32f407xx_spi_driver.o
 .group         0x0000000000000000        0xc ./Drivers/Src/stm32f407xx_spi_driver.o
 .group         0x0000000000000000        0xc ./Drivers/Src/stm32f407xx_spi_driver.o
 .group         0x0000000000000000        0xc ./Drivers/Src/stm32f407xx_spi_driver.o
 .group         0x0000000000000000        0xc ./Drivers/Src/stm32f407xx_spi_driver.o
 .group         0x0000000000000000        0xc ./Drivers/Src/stm32f407xx_spi_driver.o
 .group         0x0000000000000000        0xc ./Drivers/Src/stm32f407xx_spi_driver.o
 .group         0x0000000000000000        0xc ./Drivers/Src/stm32f407xx_spi_driver.o
 .group         0x0000000000000000        0xc ./Drivers/Src/stm32f407xx_spi_driver.o
 .group         0x0000000000000000        0xc ./Drivers/Src/stm32f407xx_spi_driver.o
 .group         0x0000000000000000        0xc ./Drivers/Src/stm32f407xx_spi_driver.o
 .group         0x0000000000000000        0xc ./Drivers/Src/stm32f407xx_spi_driver.o
 .group         0x0000000000000000        0xc ./Drivers/Src/stm32f407xx_spi_driver.o
 .group         0x0000000000000000        0xc ./Drivers/Src/stm32f407xx_spi_driver.o
 .text          0x0000000000000000        0x0 ./Drivers/Src/stm32f407xx_spi_driver.o
 .data          0x0000000000000000        0x0 ./Drivers/Src/stm32f407xx_spi_driver.o
 .bss           0x0000000000000000        0x0 ./Drivers/Src/stm32f407xx_spi_driver.o
 .text.SPI_DeInit
                0x0000000000000000       0x88 ./Drivers/Src/stm32f407xx_spi_driver.o
 .text.SPI_SSIConfig
                0x0000000000000000       0x3e ./Drivers/Src/stm32f407xx_spi_driver.o
 .debug_macro   0x0000000000000000      0xa7e ./Drivers/Src/stm32f407xx_spi_driver.o
 .debug_macro   0x0000000000000000       0x22 ./Drivers/Src/stm32f407xx_spi_driver.o
 .debug_macro   0x0000000000000000       0x8e ./Drivers/Src/stm32f407xx_spi_driver.o
 .debug_macro   0x0000000000000000       0x51 ./Drivers/Src/stm32f407xx_spi_driver.o
 .debug_macro   0x0000000000000000      0x103 ./Drivers/Src/stm32f407xx_spi_driver.o
 .debug_macro   0x0000000000000000       0x6a ./Drivers/Src/stm32f407xx_spi_driver.o
 .debug_macro   0x0000000000000000      0x1df ./Drivers/Src/stm32f407xx_spi_driver.o
 .debug_macro   0x0000000000000000      0x174 ./Drivers/Src/stm32f407xx_spi_driver.o
 .debug_macro   0x0000000000000000      0x2f6 ./Drivers/Src/stm32f407xx_spi_driver.o
 .debug_macro   0x0000000000000000       0xfa ./Drivers/Src/stm32f407xx_spi_driver.o
 .debug_macro   0x0000000000000000       0x52 ./Drivers/Src/stm32f407xx_spi_driver.o
 .debug_macro   0x0000000000000000       0x1e ./Drivers/Src/stm32f407xx_spi_driver.o
 .debug_macro   0x0000000000000000       0x3c ./Drivers/Src/stm32f407xx_spi_driver.o
 .debug_macro   0x0000000000000000       0x34 ./Drivers/Src/stm32f407xx_spi_driver.o
 .debug_macro   0x0000000000000000       0x16 ./Drivers/Src/stm32f407xx_spi_driver.o
 .debug_macro   0x0000000000000000       0x43 ./Drivers/Src/stm32f407xx_spi_driver.o
 .debug_macro   0x0000000000000000       0x34 ./Drivers/Src/stm32f407xx_spi_driver.o
 .debug_macro   0x0000000000000000       0x10 ./Drivers/Src/stm32f407xx_spi_driver.o
 .debug_macro   0x0000000000000000       0x58 ./Drivers/Src/stm32f407xx_spi_driver.o
 .debug_macro   0x0000000000000000       0x71 ./Drivers/Src/stm32f407xx_spi_driver.o
 .debug_macro   0x0000000000000000       0x1c ./Drivers/Src/stm32f407xx_spi_driver.o
 .debug_macro   0x0000000000000000      0x12a ./Drivers/Src/stm32f407xx_spi_driver.o
 .debug_macro   0x0000000000000000      0x341 ./Drivers/Src/stm32f407xx_spi_driver.o
 .debug_macro   0x0000000000000000       0x10 ./Drivers/Src/stm32f407xx_spi_driver.o
 .debug_macro   0x0000000000000000       0x35 ./Drivers/Src/stm32f407xx_spi_driver.o
 .debug_macro   0x0000000000000000       0x20 ./Drivers/Src/stm32f407xx_spi_driver.o
 .debug_macro   0x0000000000000000      0x160 ./Drivers/Src/stm32f407xx_spi_driver.o
 .group         0x0000000000000000        0xc ./Src/005_SPI_CmdTxRx_v3.o
 .group         0x0000000000000000        0xc ./Src/005_SPI_CmdTxRx_v3.o
 .group         0x0000000000000000        0xc ./Src/005_SPI_CmdTxRx_v3.o
 .group         0x0000000000000000        0xc ./Src/005_SPI_CmdTxRx_v3.o
 .group         0x0000000000000000        0xc ./Src/005_SPI_CmdTxRx_v3.o
 .group         0x0000000000000000        0xc ./Src/005_SPI_CmdTxRx_v3.o
 .group         0x0000000000000000        0xc ./Src/005_SPI_CmdTxRx_v3.o
 .group         0x0000000000000000        0xc ./Src/005_SPI_CmdTxRx_v3.o
 .group         0x0000000000000000        0xc ./Src/005_SPI_CmdTxRx_v3.o
 .group         0x0000000000000000        0xc ./Src/005_SPI_CmdTxRx_v3.o
 .group         0x0000000000000000        0xc ./Src/005_SPI_CmdTxRx_v3.o
 .group         0x0000000000000000        0xc ./Src/005_SPI_CmdTxRx_v3.o
 .group         0x0000000000000000        0xc ./Src/005_SPI_CmdTxRx_v3.o
 .group         0x0000000000000000        0xc ./Src/005_SPI_CmdTxRx_v3.o
 .group         0x0000000000000000        0xc ./Src/005_SPI_CmdTxRx_v3.o
 .group         0x0000000000000000        0xc ./Src/005_SPI_CmdTxRx_v3.o
 .group         0x0000000000000000        0xc ./Src/005_SPI_CmdTxRx_v3.o
 .group         0x0000000000000000        0xc ./Src/005_SPI_CmdTxRx_v3.o
 .group         0x0000000000000000        0xc ./Src/005_SPI_CmdTxRx_v3.o
 .group         0x0000000000000000        0xc ./Src/005_SPI_CmdTxRx_v3.o
 .group         0x0000000000000000        0xc ./Src/005_SPI_CmdTxRx_v3.o
 .group         0x0000000000000000        0xc ./Src/005_SPI_CmdTxRx_v3.o
 .group         0x0000000000000000        0xc ./Src/005_SPI_CmdTxRx_v3.o
 .group         0x0000000000000000        0xc ./Src/005_SPI_CmdTxRx_v3.o
 .group         0x0000000000000000        0xc ./Src/005_SPI_CmdTxRx_v3.o
 .group         0x0000000000000000        0xc ./Src/005_SPI_CmdTxRx_v3.o
 .group         0x0000000000000000        0xc ./Src/005_SPI_CmdTxRx_v3.o
 .group         0x0000000000000000        0xc ./Src/005_SPI_CmdTxRx_v3.o
 .group         0x0000000000000000        0xc ./Src/005_SPI_CmdTxRx_v3.o
 .group         0x0000000000000000        0xc ./Src/005_SPI_CmdTxRx_v3.o
 .group         0x0000000000000000        0xc ./Src/005_SPI_CmdTxRx_v3.o
 .group         0x0000000000000000        0xc ./Src/005_SPI_CmdTxRx_v3.o
 .group         0x0000000000000000        0xc ./Src/005_SPI_CmdTxRx_v3.o
 .group         0x0000000000000000        0xc ./Src/005_SPI_CmdTxRx_v3.o
 .group         0x0000000000000000        0xc ./Src/005_SPI_CmdTxRx_v3.o
 .group         0x0000000000000000        0xc ./Src/005_SPI_CmdTxRx_v3.o
 .group         0x0000000000000000        0xc ./Src/005_SPI_CmdTxRx_v3.o
 .group         0x0000000000000000        0xc ./Src/005_SPI_CmdTxRx_v3.o
 .group         0x0000000000000000        0xc ./Src/005_SPI_CmdTxRx_v3.o
 .group         0x0000000000000000        0xc ./Src/005_SPI_CmdTxRx_v3.o
 .group         0x0000000000000000        0xc ./Src/005_SPI_CmdTxRx_v3.o
 .text          0x0000000000000000        0x0 ./Src/005_SPI_CmdTxRx_v3.o
 .data          0x0000000000000000        0x0 ./Src/005_SPI_CmdTxRx_v3.o
 .bss           0x0000000000000000        0x0 ./Src/005_SPI_CmdTxRx_v3.o
 .debug_macro   0x0000000000000000      0xa7e ./Src/005_SPI_CmdTxRx_v3.o
 .debug_macro   0x0000000000000000       0x22 ./Src/005_SPI_CmdTxRx_v3.o
 .debug_macro   0x0000000000000000       0x8e ./Src/005_SPI_CmdTxRx_v3.o
 .debug_macro   0x0000000000000000       0x51 ./Src/005_SPI_CmdTxRx_v3.o
 .debug_macro   0x0000000000000000      0x103 ./Src/005_SPI_CmdTxRx_v3.o
 .debug_macro   0x0000000000000000       0x6a ./Src/005_SPI_CmdTxRx_v3.o
 .debug_macro   0x0000000000000000      0x1df ./Src/005_SPI_CmdTxRx_v3.o
 .debug_macro   0x0000000000000000      0x174 ./Src/005_SPI_CmdTxRx_v3.o
 .debug_macro   0x0000000000000000      0x2f6 ./Src/005_SPI_CmdTxRx_v3.o
 .debug_macro   0x0000000000000000       0xfa ./Src/005_SPI_CmdTxRx_v3.o
 .debug_macro   0x0000000000000000       0x52 ./Src/005_SPI_CmdTxRx_v3.o
 .debug_macro   0x0000000000000000       0x1e ./Src/005_SPI_CmdTxRx_v3.o
 .debug_macro   0x0000000000000000       0x3c ./Src/005_SPI_CmdTxRx_v3.o
 .debug_macro   0x0000000000000000       0x34 ./Src/005_SPI_CmdTxRx_v3.o
 .debug_macro   0x0000000000000000       0x16 ./Src/005_SPI_CmdTxRx_v3.o
 .debug_macro   0x0000000000000000       0x43 ./Src/005_SPI_CmdTxRx_v3.o
 .debug_macro   0x0000000000000000       0x34 ./Src/005_SPI_CmdTxRx_v3.o
 .debug_macro   0x0000000000000000       0x10 ./Src/005_SPI_CmdTxRx_v3.o
 .debug_macro   0x0000000000000000       0x58 ./Src/005_SPI_CmdTxRx_v3.o
 .debug_macro   0x0000000000000000       0x71 ./Src/005_SPI_CmdTxRx_v3.o
 .debug_macro   0x0000000000000000       0x1c ./Src/005_SPI_CmdTxRx_v3.o
 .debug_macro   0x0000000000000000      0x12a ./Src/005_SPI_CmdTxRx_v3.o
 .debug_macro   0x0000000000000000      0x341 ./Src/005_SPI_CmdTxRx_v3.o
 .debug_macro   0x0000000000000000       0x10 ./Src/005_SPI_CmdTxRx_v3.o
 .debug_macro   0x0000000000000000       0x35 ./Src/005_SPI_CmdTxRx_v3.o
 .debug_macro   0x0000000000000000       0x20 ./Src/005_SPI_CmdTxRx_v3.o
 .debug_macro   0x0000000000000000      0x160 ./Src/005_SPI_CmdTxRx_v3.o
 .group         0x0000000000000000        0xc ./Src/syscalls.o
 .group         0x0000000000000000        0xc ./Src/syscalls.o
 .group         0x0000000000000000        0xc ./Src/syscalls.o
 .group         0x0000000000000000        0xc ./Src/syscalls.o
 .group         0x0000000000000000        0xc ./Src/syscalls.o
 .group         0x0000000000000000        0xc ./Src/syscalls.o
 .group         0x0000000000000000        0xc ./Src/syscalls.o
 .group         0x0000000000000000        0xc ./Src/syscalls.o
 .group         0x0000000000000000        0xc ./Src/syscalls.o
 .group         0x0000000000000000        0xc ./Src/syscalls.o
 .group         0x0000000000000000        0xc ./Src/syscalls.o
 .group         0x0000000000000000        0xc ./Src/syscalls.o
 .group         0x0000000000000000        0xc ./Src/syscalls.o
 .group         0x0000000000000000        0xc ./Src/syscalls.o
 .group         0x0000000000000000        0xc ./Src/syscalls.o
 .group         0x0000000000000000        0xc ./Src/syscalls.o
 .group         0x0000000000000000        0xc ./Src/syscalls.o
 .group         0x0000000000000000        0xc ./Src/syscalls.o
 .group         0x0000000000000000        0xc ./Src/syscalls.o
 .group         0x0000000000000000        0xc ./Src/syscalls.o
 .group         0x0000000000000000        0xc ./Src/syscalls.o
 .group         0x0000000000000000        0xc ./Src/syscalls.o
 .group         0x0000000000000000        0xc ./Src/syscalls.o
 .group         0x0000000000000000        0xc ./Src/syscalls.o
 .group         0x0000000000000000        0xc ./Src/syscalls.o
 .group         0x0000000000000000        0xc ./Src/syscalls.o
 .group         0x0000000000000000        0xc ./Src/syscalls.o
 .group         0x0000000000000000        0xc ./Src/syscalls.o
 .group         0x0000000000000000        0xc ./Src/syscalls.o
 .group         0x0000000000000000        0xc ./Src/syscalls.o
 .group         0x0000000000000000        0xc ./Src/syscalls.o
 .group         0x0000000000000000        0xc ./Src/syscalls.o
 .group         0x0000000000000000        0xc ./Src/syscalls.o
 .group         0x0000000000000000        0xc ./Src/syscalls.o
 .group         0x0000000000000000        0xc ./Src/syscalls.o
 .group         0x0000000000000000        0xc ./Src/syscalls.o
 .group         0x0000000000000000        0xc ./Src/syscalls.o
 .group         0x0000000000000000        0xc ./Src/syscalls.o
 .group         0x0000000000000000        0xc ./Src/syscalls.o
 .group         0x0000000000000000        0xc ./Src/syscalls.o
 .group         0x0000000000000000        0xc ./Src/syscalls.o
 .group         0x0000000000000000        0xc ./Src/syscalls.o
 .group         0x0000000000000000        0xc ./Src/syscalls.o
 .group         0x0000000000000000        0xc ./Src/syscalls.o
 .group         0x0000000000000000        0xc ./Src/syscalls.o
 .group         0x0000000000000000        0xc ./Src/syscalls.o
 .group         0x0000000000000000        0xc ./Src/syscalls.o
 .text          0x0000000000000000        0x0 ./Src/syscalls.o
 .data          0x0000000000000000        0x0 ./Src/syscalls.o
 .bss           0x0000000000000000        0x0 ./Src/syscalls.o
 .bss.__env     0x0000000000000000        0x4 ./Src/syscalls.o
 .data.environ  0x0000000000000000        0x4 ./Src/syscalls.o
 .text.initialise_monitor_handles
                0x0000000000000000        0xe ./Src/syscalls.o
 .text._getpid  0x0000000000000000       0x10 ./Src/syscalls.o
 .text._kill    0x0000000000000000       0x20 ./Src/syscalls.o
 .text._exit    0x0000000000000000       0x14 ./Src/syscalls.o
 .text._read    0x0000000000000000       0x3a ./Src/syscalls.o
 .text._write   0x0000000000000000       0x38 ./Src/syscalls.o
 .text._close   0x0000000000000000       0x18 ./Src/syscalls.o
 .text._fstat   0x0000000000000000       0x20 ./Src/syscalls.o
 .text._isatty  0x0000000000000000       0x16 ./Src/syscalls.o
 .text._lseek   0x0000000000000000       0x1a ./Src/syscalls.o
 .text._open    0x0000000000000000       0x1c ./Src/syscalls.o
 .text._wait    0x0000000000000000       0x1e ./Src/syscalls.o
 .text._unlink  0x0000000000000000       0x1e ./Src/syscalls.o
 .text._times   0x0000000000000000       0x18 ./Src/syscalls.o
 .text._stat    0x0000000000000000       0x20 ./Src/syscalls.o
 .text._link    0x0000000000000000       0x20 ./Src/syscalls.o
 .text._fork    0x0000000000000000       0x16 ./Src/syscalls.o
 .text._execve  0x0000000000000000       0x22 ./Src/syscalls.o
 .debug_info    0x0000000000000000      0x6e0 ./Src/syscalls.o
 .debug_abbrev  0x0000000000000000      0x1b3 ./Src/syscalls.o
 .debug_aranges
                0x0000000000000000       0xa8 ./Src/syscalls.o
 .debug_ranges  0x0000000000000000       0x98 ./Src/syscalls.o
 .debug_macro   0x0000000000000000      0x24c ./Src/syscalls.o
 .debug_macro   0x0000000000000000      0xa7e ./Src/syscalls.o
 .debug_macro   0x0000000000000000       0x22 ./Src/syscalls.o
 .debug_macro   0x0000000000000000       0x4c ./Src/syscalls.o
 .debug_macro   0x0000000000000000       0x1e ./Src/syscalls.o
 .debug_macro   0x0000000000000000       0x94 ./Src/syscalls.o
 .debug_macro   0x0000000000000000       0x3c ./Src/syscalls.o
 .debug_macro   0x0000000000000000       0x34 ./Src/syscalls.o
 .debug_macro   0x0000000000000000       0x57 ./Src/syscalls.o
 .debug_macro   0x0000000000000000      0x174 ./Src/syscalls.o
 .debug_macro   0x0000000000000000      0x341 ./Src/syscalls.o
 .debug_macro   0x0000000000000000       0x16 ./Src/syscalls.o
 .debug_macro   0x0000000000000000       0x43 ./Src/syscalls.o
 .debug_macro   0x0000000000000000       0x34 ./Src/syscalls.o
 .debug_macro   0x0000000000000000       0x10 ./Src/syscalls.o
 .debug_macro   0x0000000000000000       0x58 ./Src/syscalls.o
 .debug_macro   0x0000000000000000       0x71 ./Src/syscalls.o
 .debug_macro   0x0000000000000000       0x1c ./Src/syscalls.o
 .debug_macro   0x0000000000000000      0x12a ./Src/syscalls.o
 .debug_macro   0x0000000000000000       0x10 ./Src/syscalls.o
 .debug_macro   0x0000000000000000       0x35 ./Src/syscalls.o
 .debug_macro   0x0000000000000000       0x10 ./Src/syscalls.o
 .debug_macro   0x0000000000000000       0x10 ./Src/syscalls.o
 .debug_macro   0x0000000000000000       0x10 ./Src/syscalls.o
 .debug_macro   0x0000000000000000       0x6a ./Src/syscalls.o
 .debug_macro   0x0000000000000000       0x1c ./Src/syscalls.o
 .debug_macro   0x0000000000000000       0x52 ./Src/syscalls.o
 .debug_macro   0x0000000000000000       0x22 ./Src/syscalls.o
 .debug_macro   0x0000000000000000       0x10 ./Src/syscalls.o
 .debug_macro   0x0000000000000000       0x52 ./Src/syscalls.o
 .debug_macro   0x0000000000000000       0xd5 ./Src/syscalls.o
 .debug_macro   0x0000000000000000       0x1c ./Src/syscalls.o
 .debug_macro   0x0000000000000000       0x3d ./Src/syscalls.o
 .debug_macro   0x0000000000000000       0x35 ./Src/syscalls.o
 .debug_macro   0x0000000000000000      0x12c ./Src/syscalls.o
 .debug_macro   0x0000000000000000       0x16 ./Src/syscalls.o
 .debug_macro   0x0000000000000000       0x16 ./Src/syscalls.o
 .debug_macro   0x0000000000000000       0x29 ./Src/syscalls.o
 .debug_macro   0x0000000000000000       0x10 ./Src/syscalls.o
 .debug_macro   0x0000000000000000      0x241 ./Src/syscalls.o
 .debug_macro   0x0000000000000000       0x1c ./Src/syscalls.o
 .debug_macro   0x0000000000000000       0x10 ./Src/syscalls.o
 .debug_macro   0x0000000000000000       0x10 ./Src/syscalls.o
 .debug_macro   0x0000000000000000       0x16 ./Src/syscalls.o
 .debug_macro   0x0000000000000000      0x145 ./Src/syscalls.o
 .debug_macro   0x0000000000000000      0x189 ./Src/syscalls.o
 .debug_macro   0x0000000000000000       0x16 ./Src/syscalls.o
 .debug_macro   0x0000000000000000       0xce ./Src/syscalls.o
 .debug_line    0x0000000000000000      0x93d ./Src/syscalls.o
 .debug_str     0x0000000000000000     0x8a8f ./Src/syscalls.o
 .comment       0x0000000000000000       0x51 ./Src/syscalls.o
 .debug_frame   0x0000000000000000      0x2ac ./Src/syscalls.o
 .ARM.attributes
                0x0000000000000000       0x34 ./Src/syscalls.o
 .group         0x0000000000000000        0xc ./Src/sysmem.o
 .group         0x0000000000000000        0xc ./Src/sysmem.o
 .group         0x0000000000000000        0xc ./Src/sysmem.o
 .group         0x0000000000000000        0xc ./Src/sysmem.o
 .group         0x0000000000000000        0xc ./Src/sysmem.o
 .group         0x0000000000000000        0xc ./Src/sysmem.o
 .group         0x0000000000000000        0xc ./Src/sysmem.o
 .group         0x0000000000000000        0xc ./Src/sysmem.o
 .group         0x0000000000000000        0xc ./Src/sysmem.o
 .group         0x0000000000000000        0xc ./Src/sysmem.o
 .group         0x0000000000000000        0xc ./Src/sysmem.o
 .group         0x0000000000000000        0xc ./Src/sysmem.o
 .group         0x0000000000000000        0xc ./Src/sysmem.o
 .group         0x0000000000000000        0xc ./Src/sysmem.o
 .group         0x0000000000000000        0xc ./Src/sysmem.o
 .group         0x0000000000000000        0xc ./Src/sysmem.o
 .group         0x0000000000000000        0xc ./Src/sysmem.o
 .group         0x0000000000000000        0xc ./Src/sysmem.o
 .group         0x0000000000000000        0xc ./Src/sysmem.o
 .group         0x0000000000000000        0xc ./Src/sysmem.o
 .group         0x0000000000000000        0xc ./Src/sysmem.o
 .group         0x0000000000000000        0xc ./Src/sysmem.o
 .text          0x0000000000000000        0x0 ./Src/sysmem.o
 .data          0x0000000000000000        0x0 ./Src/sysmem.o
 .bss           0x0000000000000000        0x0 ./Src/sysmem.o
 .bss.__sbrk_heap_end
                0x0000000000000000        0x4 ./Src/sysmem.o
 .text._sbrk    0x0000000000000000       0x6c ./Src/sysmem.o
 .debug_info    0x0000000000000000      0x171 ./Src/sysmem.o
 .debug_abbrev  0x0000000000000000       0xbb ./Src/sysmem.o
 .debug_aranges
                0x0000000000000000       0x20 ./Src/sysmem.o
 .debug_ranges  0x0000000000000000       0x10 ./Src/sysmem.o
 .debug_macro   0x0000000000000000       0xff ./Src/sysmem.o
 .debug_macro   0x0000000000000000      0xa7e ./Src/sysmem.o
 .debug_macro   0x0000000000000000       0x10 ./Src/sysmem.o
 .debug_macro   0x0000000000000000       0x22 ./Src/sysmem.o
 .debug_macro   0x0000000000000000       0x4c ./Src/sysmem.o
 .debug_macro   0x0000000000000000       0x1e ./Src/sysmem.o
 .debug_macro   0x0000000000000000       0x94 ./Src/sysmem.o
 .debug_macro   0x0000000000000000       0x3c ./Src/sysmem.o
 .debug_macro   0x0000000000000000       0x34 ./Src/sysmem.o
 .debug_macro   0x0000000000000000      0x174 ./Src/sysmem.o
 .debug_macro   0x0000000000000000       0x16 ./Src/sysmem.o
 .debug_macro   0x0000000000000000       0x43 ./Src/sysmem.o
 .debug_macro   0x0000000000000000       0x57 ./Src/sysmem.o
 .debug_macro   0x0000000000000000       0x34 ./Src/sysmem.o
 .debug_macro   0x0000000000000000       0x10 ./Src/sysmem.o
 .debug_macro   0x0000000000000000       0x58 ./Src/sysmem.o
 .debug_macro   0x0000000000000000       0x71 ./Src/sysmem.o
 .debug_macro   0x0000000000000000       0x1c ./Src/sysmem.o
 .debug_macro   0x0000000000000000      0x12a ./Src/sysmem.o
 .debug_macro   0x0000000000000000      0x23b ./Src/sysmem.o
 .debug_macro   0x0000000000000000      0x103 ./Src/sysmem.o
 .debug_macro   0x0000000000000000       0x6a ./Src/sysmem.o
 .debug_macro   0x0000000000000000      0x1df ./Src/sysmem.o
 .debug_line    0x0000000000000000      0x633 ./Src/sysmem.o
 .debug_str     0x0000000000000000     0x5dcb ./Src/sysmem.o
 .comment       0x0000000000000000       0x51 ./Src/sysmem.o
 .debug_frame   0x0000000000000000       0x34 ./Src/sysmem.o
 .ARM.attributes
                0x0000000000000000       0x34 ./Src/sysmem.o
 .text          0x0000000000000000       0x14 ./Startup/startup_stm32f407vetx.o
 .data          0x0000000000000000        0x0 ./Startup/startup_stm32f407vetx.o
 .bss           0x0000000000000000        0x0 ./Startup/startup_stm32f407vetx.o
 .text          0x0000000000000000        0x0 f:/softwares_installed/docnav/stm32_cubeide/stm32cubeide_1.10.1/stm32cubeide/plugins/com.st.stm32cube.ide.mcu.externaltools.gnu-tools-for-stm32.10.3-2021.10.win32_1.0.0.202111181127/tools/bin/../lib/gcc/arm-none-eabi/10.3.1/../../../../arm-none-eabi/lib/thumb/v7e-m+fp/hard\libc_nano.a(lib_a-errno.o)
 .data          0x0000000000000000        0x0 f:/softwares_installed/docnav/stm32_cubeide/stm32cubeide_1.10.1/stm32cubeide/plugins/com.st.stm32cube.ide.mcu.externaltools.gnu-tools-for-stm32.10.3-2021.10.win32_1.0.0.202111181127/tools/bin/../lib/gcc/arm-none-eabi/10.3.1/../../../../arm-none-eabi/lib/thumb/v7e-m+fp/hard\libc_nano.a(lib_a-errno.o)
 .bss           0x0000000000000000        0x0 f:/softwares_installed/docnav/stm32_cubeide/stm32cubeide_1.10.1/stm32cubeide/plugins/com.st.stm32cube.ide.mcu.externaltools.gnu-tools-for-stm32.10.3-2021.10.win32_1.0.0.202111181127/tools/bin/../lib/gcc/arm-none-eabi/10.3.1/../../../../arm-none-eabi/lib/thumb/v7e-m+fp/hard\libc_nano.a(lib_a-errno.o)
 .text.__errno  0x0000000000000000        0xc f:/softwares_installed/docnav/stm32_cubeide/stm32cubeide_1.10.1/stm32cubeide/plugins/com.st.stm32cube.ide.mcu.externaltools.gnu-tools-for-stm32.10.3-2021.10.win32_1.0.0.202111181127/tools/bin/../lib/gcc/arm-none-eabi/10.3.1/../../../../arm-none-eabi/lib/thumb/v7e-m+fp/hard\libc_nano.a(lib_a-errno.o)
 .debug_frame   0x0000000000000000       0x20 f:/softwares_installed/docnav/stm32_cubeide/stm32cubeide_1.10.1/stm32cubeide/plugins/com.st.stm32cube.ide.mcu.externaltools.gnu-tools-for-stm32.10.3-2021.10.win32_1.0.0.202111181127/tools/bin/../lib/gcc/arm-none-eabi/10.3.1/../../../../arm-none-eabi/lib/thumb/v7e-m+fp/hard\libc_nano.a(lib_a-errno.o)
 .ARM.attributes
                0x0000000000000000       0x34 f:/softwares_installed/docnav/stm32_cubeide/stm32cubeide_1.10.1/stm32cubeide/plugins/com.st.stm32cube.ide.mcu.externaltools.gnu-tools-for-stm32.10.3-2021.10.win32_1.0.0.202111181127/tools/bin/../lib/gcc/arm-none-eabi/10.3.1/../../../../arm-none-eabi/lib/thumb/v7e-m+fp/hard\libc_nano.a(lib_a-errno.o)
 .text          0x0000000000000000        0x0 f:/softwares_installed/docnav/stm32_cubeide/stm32cubeide_1.10.1/stm32cubeide/plugins/com.st.stm32cube.ide.mcu.externaltools.gnu-tools-for-stm32.10.3-2021.10.win32_1.0.0.202111181127/tools/bin/../lib/gcc/arm-none-eabi/10.3.1/../../../../arm-none-eabi/lib/thumb/v7e-m+fp/hard\libc_nano.a(lib_a-exit.o)
 .data          0x0000000000000000        0x0 f:/softwares_installed/docnav/stm32_cubeide/stm32cubeide_1.10.1/stm32cubeide/plugins/com.st.stm32cube.ide.mcu.externaltools.gnu-tools-for-stm32.10.3-2021.10.win32_1.0.0.202111181127/tools/bin/../lib/gcc/arm-none-eabi/10.3.1/../../../../arm-none-eabi/lib/thumb/v7e-m+fp/hard\libc_nano.a(lib_a-exit.o)
 .bss           0x0000000000000000        0x0 f:/softwares_installed/docnav/stm32_cubeide/stm32cubeide_1.10.1/stm32cubeide/plugins/com.st.stm32cube.ide.mcu.externaltools.gnu-tools-for-stm32.10.3-2021.10.win32_1.0.0.202111181127/tools/bin/../lib/gcc/arm-none-eabi/10.3.1/../../../../arm-none-eabi/lib/thumb/v7e-m+fp/hard\libc_nano.a(lib_a-exit.o)
 .text.exit     0x0000000000000000       0x28 f:/softwares_installed/docnav/stm32_cubeide/stm32cubeide_1.10.1/stm32cubeide/plugins/com.st.stm32cube.ide.mcu.externaltools.gnu-tools-for-stm32.10.3-2021.10.win32_1.0.0.202111181127/tools/bin/../lib/gcc/arm-none-eabi/10.3.1/../../../../arm-none-eabi/lib/thumb/v7e-m+fp/hard\libc_nano.a(lib_a-exit.o)
 .debug_frame   0x0000000000000000       0x28 f:/softwares_installed/docnav/stm32_cubeide/stm32cubeide_1.10.1/stm32cubeide/plugins/com.st.stm32cube.ide.mcu.externaltools.gnu-tools-for-stm32.10.3-2021.10.win32_1.0.0.202111181127/tools/bin/../lib/gcc/arm-none-eabi/10.3.1/../../../../arm-none-eabi/lib/thumb/v7e-m+fp/hard\libc_nano.a(lib_a-exit.o)
 .ARM.attributes
                0x0000000000000000       0x34 f:/softwares_installed/docnav/stm32_cubeide/stm32cubeide_1.10.1/stm32cubeide/plugins/com.st.stm32cube.ide.mcu.externaltools.gnu-tools-for-stm32.10.3-2021.10.win32_1.0.0.202111181127/tools/bin/../lib/gcc/arm-none-eabi/10.3.1/../../../../arm-none-eabi/lib/thumb/v7e-m+fp/hard\libc_nano.a(lib_a-exit.o)
 .text          0x0000000000000000        0x0 f:/softwares_installed/docnav/stm32_cubeide/stm32cubeide_1.10.1/stm32cubeide/plugins/com.st.stm32cube.ide.mcu.externaltools.gnu-tools-for-stm32.10.3-2021.10.win32_1.0.0.202111181127/tools/bin/../lib/gcc/arm-none-eabi/10.3.1/../../../../arm-none-eabi/lib/thumb/v7e-m+fp/hard\libc_nano.a(lib_a-impure.o)
 .data          0x0000000000000000        0x0 f:/softwares_installed/docnav/stm32_cubeide/stm32cubeide_1.10.1/stm32cubeide/plugins/com.st.stm32cube.ide.mcu.externaltools.gnu-tools-for-stm32.10.3-2021.10.win32_1.0.0.202111181127/tools/bin/../lib/gcc/arm-none-eabi/10.3.1/../../../../arm-none-eabi/lib/thumb/v7e-m+fp/hard\libc_nano.a(lib_a-impure.o)
 .bss           0x0000000000000000        0x0 f:/softwares_installed/docnav/stm32_cubeide/stm32cubeide_1.10.1/stm32cubeide/plugins/com.st.stm32cube.ide.mcu.externaltools.gnu-tools-for-stm32.10.3-2021.10.win32_1.0.0.202111181127/tools/bin/../lib/gcc/arm-none-eabi/10.3.1/../../../../arm-none-eabi/lib/thumb/v7e-m+fp/hard\libc_nano.a(lib_a-impure.o)
 .data._impure_ptr
                0x0000000000000000        0x4 f:/softwares_installed/docnav/stm32_cubeide/stm32cubeide_1.10.1/stm32cubeide/plugins/com.st.stm32cube.ide.mcu.externaltools.gnu-tools-for-stm32.10.3-2021.10.win32_1.0.0.202111181127/tools/bin/../lib/gcc/arm-none-eabi/10.3.1/../../../../arm-none-eabi/lib/thumb/v7e-m+fp/hard\libc_nano.a(lib_a-impure.o)
 .data.impure_data
                0x0000000000000000       0x60 f:/softwares_installed/docnav/stm32_cubeide/stm32cubeide_1.10.1/stm32cubeide/plugins/com.st.stm32cube.ide.mcu.externaltools.gnu-tools-for-stm32.10.3-2021.10.win32_1.0.0.202111181127/tools/bin/../lib/gcc/arm-none-eabi/10.3.1/../../../../arm-none-eabi/lib/thumb/v7e-m+fp/hard\libc_nano.a(lib_a-impure.o)
 .rodata._global_impure_ptr
                0x0000000000000000        0x4 f:/softwares_installed/docnav/stm32_cubeide/stm32cubeide_1.10.1/stm32cubeide/plugins/com.st.stm32cube.ide.mcu.externaltools.gnu-tools-for-stm32.10.3-2021.10.win32_1.0.0.202111181127/tools/bin/../lib/gcc/arm-none-eabi/10.3.1/../../../../arm-none-eabi/lib/thumb/v7e-m+fp/hard\libc_nano.a(lib_a-impure.o)
 .ARM.attributes
                0x0000000000000000       0x34 f:/softwares_installed/docnav/stm32_cubeide/stm32cubeide_1.10.1/stm32cubeide/plugins/com.st.stm32cube.ide.mcu.externaltools.gnu-tools-for-stm32.10.3-2021.10.win32_1.0.0.202111181127/tools/bin/../lib/gcc/arm-none-eabi/10.3.1/../../../../arm-none-eabi/lib/thumb/v7e-m+fp/hard\libc_nano.a(lib_a-impure.o)
 .text          0x0000000000000000        0x0 f:/softwares_installed/docnav/stm32_cubeide/stm32cubeide_1.10.1/stm32cubeide/plugins/com.st.stm32cube.ide.mcu.externaltools.gnu-tools-for-stm32.10.3-2021.10.win32_1.0.0.202111181127/tools/bin/../lib/gcc/arm-none-eabi/10.3.1/../../../../arm-none-eabi/lib/thumb/v7e-m+fp/hard\libc_nano.a(lib_a-init.o)
 .data          0x0000000000000000        0x0 f:/softwares_installed/docnav/stm32_cubeide/stm32cubeide_1.10.1/stm32cubeide/plugins/com.st.stm32cube.ide.mcu.externaltools.gnu-tools-for-stm32.10.3-2021.10.win32_1.0.0.202111181127/tools/bin/../lib/gcc/arm-none-eabi/10.3.1/../../../../arm-none-eabi/lib/thumb/v7e-m+fp/hard\libc_nano.a(lib_a-init.o)
 .bss           0x0000000000000000        0x0 f:/softwares_installed/docnav/stm32_cubeide/stm32cubeide_1.10.1/stm32cubeide/plugins/com.st.stm32cube.ide.mcu.externaltools.gnu-tools-for-stm32.10.3-2021.10.win32_1.0.0.202111181127/tools/bin/../lib/gcc/arm-none-eabi/10.3.1/../../../../arm-none-eabi/lib/thumb/v7e-m+fp/hard\libc_nano.a(lib_a-init.o)
 .text          0x0000000000000000        0x0 f:/softwares_installed/docnav/stm32_cubeide/stm32cubeide_1.10.1/stm32cubeide/plugins/com.st.stm32cube.ide.mcu.externaltools.gnu-tools-for-stm32.10.3-2021.10.win32_1.0.0.202111181127/tools/bin/../lib/gcc/arm-none-eabi/10.3.1/../../../../arm-none-eabi/lib/thumb/v7e-m+fp/hard\libc_nano.a(lib_a-memset.o)
 .data          0x0000000000000000        0x0 f:/softwares_installed/docnav/stm32_cubeide/stm32cubeide_1.10.1/stm32cubeide/plugins/com.st.stm32cube.ide.mcu.externaltools.gnu-tools-for-stm32.10.3-2021.10.win32_1.0.0.202111181127/tools/bin/../lib/gcc/arm-none-eabi/10.3.1/../../../../arm-none-eabi/lib/thumb/v7e-m+fp/hard\libc_nano.a(lib_a-memset.o)
 .bss           0x0000000000000000        0x0 f:/softwares_installed/docnav/stm32_cubeide/stm32cubeide_1.10.1/stm32cubeide/plugins/com.st.stm32cube.ide.mcu.externaltools.gnu-tools-for-stm32.10.3-2021.10.win32_1.0.0.202111181127/tools/bin/../lib/gcc/arm-none-eabi/10.3.1/../../../../arm-none-eabi/lib/thumb/v7e-m+fp/hard\libc_nano.a(lib_a-memset.o)
 .text.memset   0x0000000000000000       0x10 f:/softwares_installed/docnav/stm32_cubeide/stm32cubeide_1.10.1/stm32cubeide/plugins/com.st.stm32cube.ide.mcu.externaltools.gnu-tools-for-stm32.10.3-2021.10.win32_1.0.0.202111181127/tools/bin/../lib/gcc/arm-none-eabi/10.3.1/../../../../arm-none-eabi/lib/thumb/v7e-m+fp/hard\libc_nano.a(lib_a-memset.o)
 .debug_frame   0x0000000000000000       0x20 f:/softwares_installed/docnav/stm32_cubeide/stm32cubeide_1.10.1/stm32cubeide/plugins/com.st.stm32cube.ide.mcu.externaltools.gnu-tools-for-stm32.10.3-2021.10.win32_1.0.0.202111181127/tools/bin/../lib/gcc/arm-none-eabi/10.3.1/../../../../arm-none-eabi/lib/thumb/v7e-m+fp/hard\libc_nano.a(lib_a-memset.o)
 .ARM.attributes
                0x0000000000000000       0x34 f:/softwares_installed/docnav/stm32_cubeide/stm32cubeide_1.10.1/stm32cubeide/plugins/com.st.stm32cube.ide.mcu.externaltools.gnu-tools-for-stm32.10.3-2021.10.win32_1.0.0.202111181127/tools/bin/../lib/gcc/arm-none-eabi/10.3.1/../../../../arm-none-eabi/lib/thumb/v7e-m+fp/hard\libc_nano.a(lib_a-memset.o)
 .data          0x0000000000000000        0x0 f:/softwares_installed/docnav/stm32_cubeide/stm32cubeide_1.10.1/stm32cubeide/plugins/com.st.stm32cube.ide.mcu.externaltools.gnu-tools-for-stm32.10.3-2021.10.win32_1.0.0.202111181127/tools/bin/../lib/gcc/arm-none-eabi/10.3.1/../../../../arm-none-eabi/lib/thumb/v7e-m+fp/hard\libc_nano.a(lib_a-strlen.o)
 .bss           0x0000000000000000        0x0 f:/softwares_installed/docnav/stm32_cubeide/stm32cubeide_1.10.1/stm32cubeide/plugins/com.st.stm32cube.ide.mcu.externaltools.gnu-tools-for-stm32.10.3-2021.10.win32_1.0.0.202111181127/tools/bin/../lib/gcc/arm-none-eabi/10.3.1/../../../../arm-none-eabi/lib/thumb/v7e-m+fp/hard\libc_nano.a(lib_a-strlen.o)
 .text          0x0000000000000000        0x0 f:/softwares_installed/docnav/stm32_cubeide/stm32cubeide_1.10.1/stm32cubeide/plugins/com.st.stm32cube.ide.mcu.externaltools.gnu-tools-for-stm32.10.3-2021.10.win32_1.0.0.202111181127/tools/bin/../lib/gcc/arm-none-eabi/10.3.1/thumb/v7e-m+fp/hard/crtend.o
 .data          0x0000000000000000        0x0 f:/softwares_installed/docnav/stm32_cubeide/stm32cubeide_1.10.1/stm32cubeide/plugins/com.st.stm32cube.ide.mcu.externaltools.gnu-tools-for-stm32.10.3-2021.10.win32_1.0.0.202111181127/tools/bin/../lib/gcc/arm-none-eabi/10.3.1/thumb/v7e-m+fp/hard/crtend.o
 .bss           0x0000000000000000        0x0 f:/softwares_installed/docnav/stm32_cubeide/stm32cubeide_1.10.1/stm32cubeide/plugins/com.st.stm32cube.ide.mcu.externaltools.gnu-tools-for-stm32.10.3-2021.10.win32_1.0.0.202111181127/tools/bin/../lib/gcc/arm-none-eabi/10.3.1/thumb/v7e-m+fp/hard/crtend.o
 .rodata        0x0000000000000000       0x24 f:/softwares_installed/docnav/stm32_cubeide/stm32cubeide_1.10.1/stm32cubeide/plugins/com.st.stm32cube.ide.mcu.externaltools.gnu-tools-for-stm32.10.3-2021.10.win32_1.0.0.202111181127/tools/bin/../lib/gcc/arm-none-eabi/10.3.1/thumb/v7e-m+fp/hard/crtend.o
 .eh_frame      0x0000000000000000        0x4 f:/softwares_installed/docnav/stm32_cubeide/stm32cubeide_1.10.1/stm32cubeide/plugins/com.st.stm32cube.ide.mcu.externaltools.gnu-tools-for-stm32.10.3-2021.10.win32_1.0.0.202111181127/tools/bin/../lib/gcc/arm-none-eabi/10.3.1/thumb/v7e-m+fp/hard/crtend.o
 .ARM.attributes
                0x0000000000000000       0x34 f:/softwares_installed/docnav/stm32_cubeide/stm32cubeide_1.10.1/stm32cubeide/plugins/com.st.stm32cube.ide.mcu.externaltools.gnu-tools-for-stm32.10.3-2021.10.win32_1.0.0.202111181127/tools/bin/../lib/gcc/arm-none-eabi/10.3.1/thumb/v7e-m+fp/hard/crtend.o
 .text          0x0000000000000000        0x0 f:/softwares_installed/docnav/stm32_cubeide/stm32cubeide_1.10.1/stm32cubeide/plugins/com.st.stm32cube.ide.mcu.externaltools.gnu-tools-for-stm32.10.3-2021.10.win32_1.0.0.202111181127/tools/bin/../lib/gcc/arm-none-eabi/10.3.1/thumb/v7e-m+fp/hard/crtn.o
 .data          0x0000000000000000        0x0 f:/softwares_installed/docnav/stm32_cubeide/stm32cubeide_1.10.1/stm32cubeide/plugins/com.st.stm32cube.ide.mcu.externaltools.gnu-tools-for-stm32.10.3-2021.10.win32_1.0.0.202111181127/tools/bin/../lib/gcc/arm-none-eabi/10.3.1/thumb/v7e-m+fp/hard/crtn.o
 .bss           0x0000000000000000        0x0 f:/softwares_installed/docnav/stm32_cubeide/stm32cubeide_1.10.1/stm32cubeide/plugins/com.st.stm32cube.ide.mcu.externaltools.gnu-tools-for-stm32.10.3-2021.10.win32_1.0.0.202111181127/tools/bin/../lib/gcc/arm-none-eabi/10.3.1/thumb/v7e-m+fp/hard/crtn.o

Memory Configuration

Name             Origin             Length             Attributes
CCMRAM           0x0000000010000000 0x0000000000010000 xrw
RAM              0x0000000020000000 0x0000000000020000 xrw
FLASH            0x0000000008000000 0x0000000000080000 xr
*default*        0x0000000000000000 0xffffffffffffffff

Linker script and memory map

LOAD f:/softwares_installed/docnav/stm32_cubeide/stm32cubeide_1.10.1/stm32cubeide/plugins/com.st.stm32cube.ide.mcu.externaltools.gnu-tools-for-stm32.10.3-2021.10.win32_1.0.0.202111181127/tools/bin/../lib/gcc/arm-none-eabi/10.3.1/thumb/v7e-m+fp/hard/crti.o
LOAD f:/softwares_installed/docnav/stm32_cubeide/stm32cubeide_1.10.1/stm32cubeide/plugins/com.st.stm32cube.ide.mcu.externaltools.gnu-tools-for-stm32.10.3-2021.10.win32_1.0.0.202111181127/tools/bin/../lib/gcc/arm-none-eabi/10.3.1/thumb/v7e-m+fp/hard/crtbegin.o
LOAD f:/softwares_installed/docnav/stm32_cubeide/stm32cubeide_1.10.1/stm32cubeide/plugins/com.st.stm32cube.ide.mcu.externaltools.gnu-tools-for-stm32.10.3-2021.10.win32_1.0.0.202111181127/tools/bin/../lib/gcc/arm-none-eabi/10.3.1/../../../../arm-none-eabi/lib/thumb/v7e-m+fp/hard/crt0.o
LOAD ./Drivers/Src/stm32f407xx_gpio_drv.o
LOAD ./Drivers/Src/stm32f407xx_spi_driver.o
LOAD ./Src/005_SPI_CmdTxRx_v3.o
LOAD ./Src/syscalls.o
LOAD ./Src/sysmem.o
LOAD ./Startup/startup_stm32f407vetx.o
START GROUP
LOAD f:/softwares_installed/docnav/stm32_cubeide/stm32cubeide_1.10.1/stm32cubeide/plugins/com.st.stm32cube.ide.mcu.externaltools.gnu-tools-for-stm32.10.3-2021.10.win32_1.0.0.202111181127/tools/bin/../lib/gcc/arm-none-eabi/10.3.1/../../../../arm-none-eabi/lib/thumb/v7e-m+fp/hard\libc_nano.a
LOAD f:/softwares_installed/docnav/stm32_cubeide/stm32cubeide_1.10.1/stm32cubeide/plugins/com.st.stm32cube.ide.mcu.externaltools.gnu-tools-for-stm32.10.3-2021.10.win32_1.0.0.202111181127/tools/bin/../lib/gcc/arm-none-eabi/10.3.1/../../../../arm-none-eabi/lib/thumb/v7e-m+fp/hard\libm.a
END GROUP
START GROUP
LOAD f:/softwares_installed/docnav/stm32_cubeide/stm32cubeide_1.10.1/stm32cubeide/plugins/com.st.stm32cube.ide.mcu.externaltools.gnu-tools-for-stm32.10.3-2021.10.win32_1.0.0.202111181127/tools/bin/../lib/gcc/arm-none-eabi/10.3.1/thumb/v7e-m+fp/hard\libgcc.a
LOAD f:/softwares_installed/docnav/stm32_cubeide/stm32cubeide_1.10.1/stm32cubeide/plugins/com.st.stm32cube.ide.mcu.externaltools.gnu-tools-for-stm32.10.3-2021.10.win32_1.0.0.202111181127/tools/bin/../lib/gcc/arm-none-eabi/10.3.1/../../../../arm-none-eabi/lib/thumb/v7e-m+fp/hard\libc_nano.a
END GROUP
START GROUP
LOAD f:/softwares_installed/docnav/stm32_cubeide/stm32cubeide_1.10.1/stm32cubeide/plugins/com.st.stm32cube.ide.mcu.externaltools.gnu-tools-for-stm32.10.3-2021.10.win32_1.0.0.202111181127/tools/bin/../lib/gcc/arm-none-eabi/10.3.1/thumb/v7e-m+fp/hard\libgcc.a
LOAD f:/softwares_installed/docnav/stm32_cubeide/stm32cubeide_1.10.1/stm32cubeide/plugins/com.st.stm32cube.ide.mcu.externaltools.gnu-tools-for-stm32.10.3-2021.10.win32_1.0.0.202111181127/tools/bin/../lib/gcc/arm-none-eabi/10.3.1/../../../../arm-none-eabi/lib/thumb/v7e-m+fp/hard\libc_nano.a
LOAD f:/softwares_installed/docnav/stm32_cubeide/stm32cubeide_1.10.1/stm32cubeide/plugins/com.st.stm32cube.ide.mcu.externaltools.gnu-tools-for-stm32.10.3-2021.10.win32_1.0.0.202111181127/tools/bin/../lib/gcc/arm-none-eabi/10.3.1/../../../../arm-none-eabi/lib/thumb/v7e-m+fp/hard\libnosys.a
END GROUP
START GROUP
LOAD f:/softwares_installed/docnav/stm32_cubeide/stm32cubeide_1.10.1/stm32cubeide/plugins/com.st.stm32cube.ide.mcu.externaltools.gnu-tools-for-stm32.10.3-2021.10.win32_1.0.0.202111181127/tools/bin/../lib/gcc/arm-none-eabi/10.3.1/thumb/v7e-m+fp/hard\libgcc.a
LOAD f:/softwares_installed/docnav/stm32_cubeide/stm32cubeide_1.10.1/stm32cubeide/plugins/com.st.stm32cube.ide.mcu.externaltools.gnu-tools-for-stm32.10.3-2021.10.win32_1.0.0.202111181127/tools/bin/../lib/gcc/arm-none-eabi/10.3.1/../../../../arm-none-eabi/lib/thumb/v7e-m+fp/hard\libc_nano.a
LOAD f:/softwares_installed/docnav/stm32_cubeide/stm32cubeide_1.10.1/stm32cubeide/plugins/com.st.stm32cube.ide.mcu.externaltools.gnu-tools-for-stm32.10.3-2021.10.win32_1.0.0.202111181127/tools/bin/../lib/gcc/arm-none-eabi/10.3.1/../../../../arm-none-eabi/lib/thumb/v7e-m+fp/hard\libnosys.a
END GROUP
LOAD f:/softwares_installed/docnav/stm32_cubeide/stm32cubeide_1.10.1/stm32cubeide/plugins/com.st.stm32cube.ide.mcu.externaltools.gnu-tools-for-stm32.10.3-2021.10.win32_1.0.0.202111181127/tools/bin/../lib/gcc/arm-none-eabi/10.3.1/thumb/v7e-m+fp/hard/crtend.o
LOAD f:/softwares_installed/docnav/stm32_cubeide/stm32cubeide_1.10.1/stm32cubeide/plugins/com.st.stm32cube.ide.mcu.externaltools.gnu-tools-for-stm32.10.3-2021.10.win32_1.0.0.202111181127/tools/bin/../lib/gcc/arm-none-eabi/10.3.1/thumb/v7e-m+fp/hard/crtn.o
                0x0000000020020000                _estack = (ORIGIN (RAM) + LENGTH (RAM))
                0x0000000000000200                _Min_Heap_Size = 0x200
                0x0000000000000400                _Min_Stack_Size = 0x400

.isr_vector     0x0000000008000000      0x1a8
                0x0000000008000000                . = ALIGN (0x4)
 *(.isr_vector)
 .isr_vector    0x0000000008000000      0x1a8 ./Startup/startup_stm32f407vetx.o
                0x0000000008000000                g_pfnVectors
                0x00000000080001a8                . = ALIGN (0x4)

.text           0x00000000080001a8      0xfac
                0x00000000080001a8                . = ALIGN (0x4)
 *(.text)
 .text          0x00000000080001a8       0x40 f:/softwares_installed/docnav/stm32_cubeide/stm32cubeide_1.10.1/stm32cubeide/plugins/com.st.stm32cube.ide.mcu.externaltools.gnu-tools-for-stm32.10.3-2021.10.win32_1.0.0.202111181127/tools/bin/../lib/gcc/arm-none-eabi/10.3.1/thumb/v7e-m+fp/hard/crtbegin.o
 .text          0x00000000080001e8       0x10 f:/softwares_installed/docnav/stm32_cubeide/stm32cubeide_1.10.1/stm32cubeide/plugins/com.st.stm32cube.ide.mcu.externaltools.gnu-tools-for-stm32.10.3-2021.10.win32_1.0.0.202111181127/tools/bin/../lib/gcc/arm-none-eabi/10.3.1/../../../../arm-none-eabi/lib/thumb/v7e-m+fp/hard\libc_nano.a(lib_a-strlen.o)
                0x00000000080001e8                strlen
 *(.text*)
 .text.GPIO_PCLK_Ctrl
                0x00000000080001f8      0x1d8 ./Drivers/Src/stm32f407xx_gpio_drv.o
                0x00000000080001f8                GPIO_PCLK_Ctrl
 .text.GPIO_Init
                0x00000000080003d0      0x314 ./Drivers/Src/stm32f407xx_gpio_drv.o
                0x00000000080003d0                GPIO_Init
 .text.GPIO_IPinRead
                0x00000000080006e4       0x2c ./Drivers/Src/stm32f407xx_gpio_drv.o
                0x00000000080006e4                GPIO_IPinRead
 .text.GPIO_OPinWrite
                0x0000000008000710       0x50 ./Drivers/Src/stm32f407xx_gpio_drv.o
                0x0000000008000710                GPIO_OPinWrite
 .text.Port_ConfigCode
                0x0000000008000760       0xa8 ./Drivers/Src/stm32f407xx_gpio_drv.o
                0x0000000008000760                Port_ConfigCode
 .text.SPI_PCLK_Ctrl
                0x0000000008000808       0xb8 ./Drivers/Src/stm32f407xx_spi_driver.o
                0x0000000008000808                SPI_PCLK_Ctrl
 .text.SPI_Init
                0x00000000080008c0      0x12a ./Drivers/Src/stm32f407xx_spi_driver.o
                0x00000000080008c0                SPI_Init
 .text.SPI_TxDataB
                0x00000000080009ea       0x68 ./Drivers/Src/stm32f407xx_spi_driver.o
                0x00000000080009ea                SPI_TxDataB
 .text.SPI_RxDataB
                0x0000000008000a52       0x68 ./Drivers/Src/stm32f407xx_spi_driver.o
                0x0000000008000a52                SPI_RxDataB
 .text.SPI_EN   0x0000000008000aba       0x36 ./Drivers/Src/stm32f407xx_spi_driver.o
                0x0000000008000aba                SPI_EN
 .text.SPI_SSOEConfig
                0x0000000008000af0       0x3e ./Drivers/Src/stm32f407xx_spi_driver.o
                0x0000000008000af0                SPI_SSOEConfig
 .text.FlagStatus
                0x0000000008000b2e       0x28 ./Drivers/Src/stm32f407xx_spi_driver.o
                0x0000000008000b2e                FlagStatus
 *fill*         0x0000000008000b56        0x2 
 .text.delay    0x0000000008000b58       0x2c ./Src/005_SPI_CmdTxRx_v3.o
                0x0000000008000b58                delay
 .text.GPIO_Config
                0x0000000008000b84       0xb0 ./Src/005_SPI_CmdTxRx_v3.o
                0x0000000008000b84                GPIO_Config
 .text.SPI_Config
                0x0000000008000c34       0x44 ./Src/005_SPI_CmdTxRx_v3.o
                0x0000000008000c34                SPI_Config
 .text.ButtonResp
                0x0000000008000c78       0x48 ./Src/005_SPI_CmdTxRx_v3.o
                0x0000000008000c78                ButtonResp
 .text.AckVerify
                0x0000000008000cc0       0x2c ./Src/005_SPI_CmdTxRx_v3.o
                0x0000000008000cc0                AckVerify
 .text.SPI_Comm
                0x0000000008000cec      0x39c ./Src/005_SPI_CmdTxRx_v3.o
                0x0000000008000cec                SPI_Comm
 .text.main     0x0000000008001088       0x16 ./Src/005_SPI_CmdTxRx_v3.o
                0x0000000008001088                main
 *fill*         0x000000000800109e        0x2 
 .text.Reset_Handler
                0x00000000080010a0       0x50 ./Startup/startup_stm32f407vetx.o
                0x00000000080010a0                Reset_Handler
 .text.Default_Handler
                0x00000000080010f0        0x2 ./Startup/startup_stm32f407vetx.o
                0x00000000080010f0                RTC_Alarm_IRQHandler
                0x00000000080010f0                HASH_RNG_IRQHandler
                0x00000000080010f0                EXTI2_IRQHandler
                0x00000000080010f0                TIM8_CC_IRQHandler
                0x00000000080010f0                DebugMon_Handler
                0x00000000080010f0                TIM1_CC_IRQHandler
                0x00000000080010f0                DMA2_Stream5_IRQHandler
                0x00000000080010f0                HardFault_Handler
                0x00000000080010f0                DMA1_Stream5_IRQHandler
                0x00000000080010f0                SysTick_Handler
                0x00000000080010f0                PVD_IRQHandler
                0x00000000080010f0                SDIO_IRQHandler
                0x00000000080010f0                TAMP_STAMP_IRQHandler
                0x00000000080010f0                PendSV_Handler
                0x00000000080010f0                NMI_Handler
                0x00000000080010f0                CAN2_RX1_IRQHandler
                0x00000000080010f0                EXTI3_IRQHandler
                0x00000000080010f0                TIM8_TRG_COM_TIM14_IRQHandler
                0x00000000080010f0                TIM1_UP_TIM10_IRQHandler
                0x00000000080010f0                TIM8_UP_TIM13_IRQHandler
                0x00000000080010f0                I2C3_ER_IRQHandler
                0x00000000080010f0                LCD_TFT_IRQHandler
                0x00000000080010f0                EXTI0_IRQHandler
                0x00000000080010f0                I2C2_EV_IRQHandler
                0x00000000080010f0                DMA1_Stream2_IRQHandler
                0x00000000080010f0                CAN1_RX0_IRQHandler
                0x00000000080010f0                FPU_IRQHandler
                0x00000000080010f0                OTG_HS_WKUP_IRQHandler
                0x00000000080010f0                UsageFault_Handler
                0x00000000080010f0                CAN2_SCE_IRQHandler
                0x00000000080010f0                DMA2_Stream2_IRQHandler
                0x00000000080010f0                SPI1_IRQHandler
                0x00000000080010f0                TIM6_DAC_IRQHandler
                0x00000000080010f0                TIM1_BRK_TIM9_IRQHandler
                0x00000000080010f0                DCMI_IRQHandler
                0x00000000080010f0                CAN2_RX0_IRQHandler
                0x00000000080010f0                DMA2_Stream3_IRQHandler
                0x00000000080010f0                USART6_IRQHandler
                0x00000000080010f0                USART3_IRQHandler
                0x00000000080010f0                CRYP_IRQHandler
                0x00000000080010f0                CAN1_RX1_IRQHandler
                0x00000000080010f0                UART5_IRQHandler
                0x00000000080010f0                DMA2_Stream0_IRQHandler
                0x00000000080010f0                TIM4_IRQHandler
                0x00000000080010f0                I2C1_EV_IRQHandler
                0x00000000080010f0                DMA1_Stream6_IRQHandler
                0x00000000080010f0                DMA1_Stream1_IRQHandler
                0x00000000080010f0                UART4_IRQHandler
                0x00000000080010f0                LCD_TFT_1_IRQHandler
                0x00000000080010f0                TIM3_IRQHandler
                0x00000000080010f0                RCC_IRQHandler
                0x00000000080010f0                TIM8_BRK_TIM12_IRQHandler
                0x00000000080010f0                Default_Handler
                0x00000000080010f0                EXTI15_10_IRQHandler
                0x00000000080010f0                ADC_IRQHandler
                0x00000000080010f0                DMA1_Stream7_IRQHandler
                0x00000000080010f0                TIM7_IRQHandler
                0x00000000080010f0                CAN2_TX_IRQHandler
                0x00000000080010f0                TIM5_IRQHandler
                0x00000000080010f0                DMA2_Stream7_IRQHandler
                0x00000000080010f0                I2C3_EV_IRQHandler
                0x00000000080010f0                EXTI9_5_IRQHandler
                0x00000000080010f0                RTC_WKUP_IRQHandler
                0x00000000080010f0                ETH_WKUP_IRQHandler
                0x00000000080010f0                SPI2_IRQHandler
                0x00000000080010f0                OTG_HS_EP1_IN_IRQHandler
                0x00000000080010f0                MemManage_Handler
                0x00000000080010f0                DMA1_Stream0_IRQHandler
                0x00000000080010f0                CAN1_TX_IRQHandler
                0x00000000080010f0                SVC_Handler
                0x00000000080010f0                EXTI4_IRQHandler
                0x00000000080010f0                FSMC_IRQHandler
                0x00000000080010f0                ETH_IRQHandler
                0x00000000080010f0                OTG_HS_EP1_OUT_IRQHandler
                0x00000000080010f0                WWDG_IRQHandler
                0x00000000080010f0                TIM2_IRQHandler
                0x00000000080010f0                OTG_FS_WKUP_IRQHandler
                0x00000000080010f0                TIM1_TRG_COM_TIM11_IRQHandler
                0x00000000080010f0                OTG_HS_IRQHandler
                0x00000000080010f0                EXTI1_IRQHandler
                0x00000000080010f0                USART2_IRQHandler
                0x00000000080010f0                I2C2_ER_IRQHandler
                0x00000000080010f0                DMA2_Stream1_IRQHandler
                0x00000000080010f0                CAN1_SCE_IRQHandler
                0x00000000080010f0                DMA2_Stream4_IRQHandler
                0x00000000080010f0                BusFault_Handler
                0x00000000080010f0                USART1_IRQHandler
                0x00000000080010f0                OTG_FS_IRQHandler
                0x00000000080010f0                SPI3_IRQHandler
                0x00000000080010f0                DMA1_Stream4_IRQHandler
                0x00000000080010f0                I2C1_ER_IRQHandler
                0x00000000080010f0                DMA2_Stream6_IRQHandler
                0x00000000080010f0                DMA1_Stream3_IRQHandler
 *fill*         0x00000000080010f2        0x2 
 .text.__libc_init_array
                0x00000000080010f4       0x48 f:/softwares_installed/docnav/stm32_cubeide/stm32cubeide_1.10.1/stm32cubeide/plugins/com.st.stm32cube.ide.mcu.externaltools.gnu-tools-for-stm32.10.3-2021.10.win32_1.0.0.202111181127/tools/bin/../lib/gcc/arm-none-eabi/10.3.1/../../../../arm-none-eabi/lib/thumb/v7e-m+fp/hard\libc_nano.a(lib_a-init.o)
                0x00000000080010f4                __libc_init_array
 *(.glue_7)
 .glue_7        0x000000000800113c        0x0 linker stubs
 *(.glue_7t)
 .glue_7t       0x000000000800113c        0x0 linker stubs
 *(.eh_frame)
 .eh_frame      0x000000000800113c        0x0 f:/softwares_installed/docnav/stm32_cubeide/stm32cubeide_1.10.1/stm32cubeide/plugins/com.st.stm32cube.ide.mcu.externaltools.gnu-tools-for-stm32.10.3-2021.10.win32_1.0.0.202111181127/tools/bin/../lib/gcc/arm-none-eabi/10.3.1/thumb/v7e-m+fp/hard/crtbegin.o
 *(.init)
 .init          0x000000000800113c        0x4 f:/softwares_installed/docnav/stm32_cubeide/stm32cubeide_1.10.1/stm32cubeide/plugins/com.st.stm32cube.ide.mcu.externaltools.gnu-tools-for-stm32.10.3-2021.10.win32_1.0.0.202111181127/tools/bin/../lib/gcc/arm-none-eabi/10.3.1/thumb/v7e-m+fp/hard/crti.o
                0x000000000800113c                _init
 .init          0x0000000008001140        0x8 f:/softwares_installed/docnav/stm32_cubeide/stm32cubeide_1.10.1/stm32cubeide/plugins/com.st.stm32cube.ide.mcu.externaltools.gnu-tools-for-stm32.10.3-2021.10.win32_1.0.0.202111181127/tools/bin/../lib/gcc/arm-none-eabi/10.3.1/thumb/v7e-m+fp/hard/crtn.o
 *(.fini)
 .fini          0x0000000008001148        0x4 f:/softwares_installed/docnav/stm32_cubeide/stm32cubeide_1.10.1/stm32cubeide/plugins/com.st.stm32cube.ide.mcu.externaltools.gnu-tools-for-stm32.10.3-2021.10.win32_1.0.0.202111181127/tools/bin/../lib/gcc/arm-none-eabi/10.3.1/thumb/v7e-m+fp/hard/crti.o
                0x0000000008001148                _fini
 .fini          0x000000000800114c        0x8 f:/softwares_installed/docnav/stm32_cubeide/stm32cubeide_1.10.1/stm32cubeide/plugins/com.st.stm32cube.ide.mcu.externaltools.gnu-tools-for-stm32.10.3-2021.10.win32_1.0.0.202111181127/tools/bin/../lib/gcc/arm-none-eabi/10.3.1/thumb/v7e-m+fp/hard/crtn.o
                0x0000000008001154                . = ALIGN (0x4)
                0x0000000008001154                _etext = .

.vfp11_veneer   0x0000000008001154        0x0
 .vfp11_veneer  0x0000000008001154        0x0 linker stubs

.v4_bx          0x0000000008001154        0x0
 .v4_bx         0x0000000008001154        0x0 linker stubs

.iplt           0x0000000008001154        0x0
 .iplt          0x0000000008001154        0x0 f:/softwares_installed/docnav/stm32_cubeide/stm32cubeide_1.10.1/stm32cubeide/plugins/com.st.stm32cube.ide.mcu.externaltools.gnu-tools-for-stm32.10.3-2021.10.win32_1.0.0.202111181127/tools/bin/../lib/gcc/arm-none-eabi/10.3.1/thumb/v7e-m+fp/hard/crtbegin.o

.rodata         0x0000000008001154       0x1c
                0x0000000008001154                . = ALIGN (0x4)
 *(.rodata)
 .rodata        0x0000000008001154       0x1a ./Src/005_SPI_CmdTxRx_v3.o
 *(.rodata*)
                0x0000000008001170                . = ALIGN (0x4)
 *fill*         0x000000000800116e        0x2 

.rel.dyn        0x0000000008001170        0x0
 .rel.iplt      0x0000000008001170        0x0 f:/softwares_installed/docnav/stm32_cubeide/stm32cubeide_1.10.1/stm32cubeide/plugins/com.st.stm32cube.ide.mcu.externaltools.gnu-tools-for-stm32.10.3-2021.10.win32_1.0.0.202111181127/tools/bin/../lib/gcc/arm-none-eabi/10.3.1/thumb/v7e-m+fp/hard/crtbegin.o

.ARM.extab      0x0000000008001170        0x0
                0x0000000008001170                . = ALIGN (0x4)
 *(.ARM.extab* .gnu.linkonce.armextab.*)
                0x0000000008001170                . = ALIGN (0x4)

.ARM            0x0000000008001170        0x0
                0x0000000008001170                . = ALIGN (0x4)
                0x0000000008001170                __exidx_start = .
 *(.ARM.exidx*)
                0x0000000008001170                __exidx_end = .
                0x0000000008001170                . = ALIGN (0x4)

.preinit_array  0x0000000008001170        0x0
                0x0000000008001170                . = ALIGN (0x4)
                0x0000000008001170                PROVIDE (__preinit_array_start = .)
 *(.preinit_array*)
                0x0000000008001170                PROVIDE (__preinit_array_end = .)
                0x0000000008001170                . = ALIGN (0x4)

.init_array     0x0000000008001170        0x4
                0x0000000008001170                . = ALIGN (0x4)
                0x0000000008001170                PROVIDE (__init_array_start = .)
 *(SORT_BY_NAME(.init_array.*))
 *(.init_array*)
 .init_array    0x0000000008001170        0x4 f:/softwares_installed/docnav/stm32_cubeide/stm32cubeide_1.10.1/stm32cubeide/plugins/com.st.stm32cube.ide.mcu.externaltools.gnu-tools-for-stm32.10.3-2021.10.win32_1.0.0.202111181127/tools/bin/../lib/gcc/arm-none-eabi/10.3.1/thumb/v7e-m+fp/hard/crtbegin.o
                0x0000000008001174                PROVIDE (__init_array_end = .)
                0x0000000008001174                . = ALIGN (0x4)

.fini_array     0x0000000008001174        0x4
                0x0000000008001174                . = ALIGN (0x4)
                [!provide]                        PROVIDE (__fini_array_start = .)
 *(SORT_BY_NAME(.fini_array.*))
 *(.fini_array*)
 .fini_array    0x0000000008001174        0x4 f:/softwares_installed/docnav/stm32_cubeide/stm32cubeide_1.10.1/stm32cubeide/plugins/com.st.stm32cube.ide.mcu.externaltools.gnu-tools-for-stm32.10.3-2021.10.win32_1.0.0.202111181127/tools/bin/../lib/gcc/arm-none-eabi/10.3.1/thumb/v7e-m+fp/hard/crtbegin.o
                [!provide]                        PROVIDE (__fini_array_end = .)
                0x0000000008001178                . = ALIGN (0x4)
                0x0000000008001178                _sidata = LOADADDR (.data)

.data           0x0000000020000000        0x0 load address 0x0000000008001178
                0x0000000020000000                . = ALIGN (0x4)
                0x0000000020000000                _sdata = .
 *(.data)
 *(.data*)
 *(.RamFunc)
 *(.RamFunc*)
                0x0000000020000000                . = ALIGN (0x4)
                0x0000000020000000                _edata = .
                0x0000000008001178                _siccmram = LOADADDR (.ccmram)

.igot.plt       0x0000000020000000        0x0 load address 0x0000000008001178
 .igot.plt      0x0000000020000000        0x0 f:/softwares_installed/docnav/stm32_cubeide/stm32cubeide_1.10.1/stm32cubeide/plugins/com.st.stm32cube.ide.mcu.externaltools.gnu-tools-for-stm32.10.3-2021.10.win32_1.0.0.202111181127/tools/bin/../lib/gcc/arm-none-eabi/10.3.1/thumb/v7e-m+fp/hard/crtbegin.o

.ccmram         0x0000000010000000        0x0 load address 0x0000000008001178
                0x0000000010000000                . = ALIGN (0x4)
                0x0000000010000000                _sccmram = .
 *(.ccmram)
 *(.ccmram*)
                0x0000000010000000                . = ALIGN (0x4)
                0x0000000010000000                _eccmram = .
                0x0000000010000000                . = ALIGN (0x4)

.bss            0x0000000020000000       0x1c
                0x0000000020000000                _sbss = .
                0x0000000020000000                __bss_start__ = _sbss
 *(.bss)
 .bss           0x0000000020000000       0x1c f:/softwares_installed/docnav/stm32_cubeide/stm32cubeide_1.10.1/stm32cubeide/plugins/com.st.stm32cube.ide.mcu.externaltools.gnu-tools-for-stm32.10.3-2021.10.win32_1.0.0.202111181127/tools/bin/../lib/gcc/arm-none-eabi/10.3.1/thumb/v7e-m+fp/hard/crtbegin.o
 *(.bss*)
 *(COMMON)
                0x000000002000001c                . = ALIGN (0x4)
                0x000000002000001c                _ebss = .
                0x000000002000001c                __bss_end__ = _ebss

._user_heap_stack
                0x000000002000001c      0x604
                0x0000000020000020                . = ALIGN (0x8)
 *fill*         0x000000002000001c        0x4 
                [!provide]                        PROVIDE (end = .)
                0x0000000020000020                PROVIDE (_end = .)
                0x0000000020000220                . = (. + _Min_Heap_Size)
 *fill*         0x0000000020000020      0x200 
                0x0000000020000620                . = (. + _Min_Stack_Size)
 *fill*         0x0000000020000220      0x400 
                0x0000000020000620                . = ALIGN (0x8)

/DISCARD/
 libc.a(*)
 libm.a(*)
 libgcc.a(*)

.ARM.attributes
                0x0000000000000000       0x30
 *(.ARM.attributes)
 .ARM.attributes
                0x0000000000000000       0x1e f:/softwares_installed/docnav/stm32_cubeide/stm32cubeide_1.10.1/stm32cubeide/plugins/com.st.stm32cube.ide.mcu.externaltools.gnu-tools-for-stm32.10.3-2021.10.win32_1.0.0.202111181127/tools/bin/../lib/gcc/arm-none-eabi/10.3.1/thumb/v7e-m+fp/hard/crti.o
 .ARM.attributes
                0x000000000000001e       0x34 f:/softwares_installed/docnav/stm32_cubeide/stm32cubeide_1.10.1/stm32cubeide/plugins/com.st.stm32cube.ide.mcu.externaltools.gnu-tools-for-stm32.10.3-2021.10.win32_1.0.0.202111181127/tools/bin/../lib/gcc/arm-none-eabi/10.3.1/thumb/v7e-m+fp/hard/crtbegin.o
 .ARM.attributes
                0x0000000000000052       0x34 ./Drivers/Src/stm32f407xx_gpio_drv.o
 .ARM.attributes
                0x0000000000000086       0x34 ./Drivers/Src/stm32f407xx_spi_driver.o
 .ARM.attributes
                0x00000000000000ba       0x34 ./Src/005_SPI_CmdTxRx_v3.o
 .ARM.attributes
                0x00000000000000ee       0x21 ./Startup/startup_stm32f407vetx.o
 .ARM.attributes
                0x000000000000010f       0x34 f:/softwares_installed/docnav/stm32_cubeide/stm32cubeide_1.10.1/stm32cubeide/plugins/com.st.stm32cube.ide.mcu.externaltools.gnu-tools-for-stm32.10.3-2021.10.win32_1.0.0.202111181127/tools/bin/../lib/gcc/arm-none-eabi/10.3.1/../../../../arm-none-eabi/lib/thumb/v7e-m+fp/hard\libc_nano.a(lib_a-init.o)
 .ARM.attributes
                0x0000000000000143       0x17 f:/softwares_installed/docnav/stm32_cubeide/stm32cubeide_1.10.1/stm32cubeide/plugins/com.st.stm32cube.ide.mcu.externaltools.gnu-tools-for-stm32.10.3-2021.10.win32_1.0.0.202111181127/tools/bin/../lib/gcc/arm-none-eabi/10.3.1/../../../../arm-none-eabi/lib/thumb/v7e-m+fp/hard\libc_nano.a(lib_a-strlen.o)
 .ARM.attributes
                0x000000000000015a       0x1e f:/softwares_installed/docnav/stm32_cubeide/stm32cubeide_1.10.1/stm32cubeide/plugins/com.st.stm32cube.ide.mcu.externaltools.gnu-tools-for-stm32.10.3-2021.10.win32_1.0.0.202111181127/tools/bin/../lib/gcc/arm-none-eabi/10.3.1/thumb/v7e-m+fp/hard/crtn.o
OUTPUT(stm32f4xx_drivers.elf elf32-littlearm)
LOAD linker stubs
LOAD f:/softwares_installed/docnav/stm32_cubeide/stm32cubeide_1.10.1/stm32cubeide/plugins/com.st.stm32cube.ide.mcu.externaltools.gnu-tools-for-stm32.10.3-2021.10.win32_1.0.0.202111181127/tools/bin/../lib/gcc/arm-none-eabi/10.3.1/../../../../arm-none-eabi/lib/thumb/v7e-m+fp/hard\libc.a
LOAD f:/softwares_installed/docnav/stm32_cubeide/stm32cubeide_1.10.1/stm32cubeide/plugins/com.st.stm32cube.ide.mcu.externaltools.gnu-tools-for-stm32.10.3-2021.10.win32_1.0.0.202111181127/tools/bin/../lib/gcc/arm-none-eabi/10.3.1/../../../../arm-none-eabi/lib/thumb/v7e-m+fp/hard\libm.a
LOAD f:/softwares_installed/docnav/stm32_cubeide/stm32cubeide_1.10.1/stm32cubeide/plugins/com.st.stm32cube.ide.mcu.externaltools.gnu-tools-for-stm32.10.3-2021.10.win32_1.0.0.202111181127/tools/bin/../lib/gcc/arm-none-eabi/10.3.1/thumb/v7e-m+fp/hard\libgcc.a

.debug_info     0x0000000000000000     0x1369
 .debug_info    0x0000000000000000      0x725 ./Drivers/Src/stm32f407xx_gpio_drv.o
 .debug_info    0x0000000000000725      0x5ba ./Drivers/Src/stm32f407xx_spi_driver.o
 .debug_info    0x0000000000000cdf      0x668 ./Src/005_SPI_CmdTxRx_v3.o
 .debug_info    0x0000000000001347       0x22 ./Startup/startup_stm32f407vetx.o

.debug_abbrev   0x0000000000000000      0x4b2
 .debug_abbrev  0x0000000000000000      0x186 ./Drivers/Src/stm32f407xx_gpio_drv.o
 .debug_abbrev  0x0000000000000186      0x15f ./Drivers/Src/stm32f407xx_spi_driver.o
 .debug_abbrev  0x00000000000002e5      0x1bb ./Src/005_SPI_CmdTxRx_v3.o
 .debug_abbrev  0x00000000000004a0       0x12 ./Startup/startup_stm32f407vetx.o

.debug_aranges  0x0000000000000000      0x148
 .debug_aranges
                0x0000000000000000       0x70 ./Drivers/Src/stm32f407xx_gpio_drv.o
 .debug_aranges
                0x0000000000000070       0x60 ./Drivers/Src/stm32f407xx_spi_driver.o
 .debug_aranges
                0x00000000000000d0       0x50 ./Src/005_SPI_CmdTxRx_v3.o
 .debug_aranges
                0x0000000000000120       0x28 ./Startup/startup_stm32f407vetx.o

.debug_ranges   0x0000000000000000      0x188
 .debug_ranges  0x0000000000000000       0x60 ./Drivers/Src/stm32f407xx_gpio_drv.o
 .debug_ranges  0x0000000000000060       0x50 ./Drivers/Src/stm32f407xx_spi_driver.o
 .debug_ranges  0x00000000000000b0       0xb8 ./Src/005_SPI_CmdTxRx_v3.o
 .debug_ranges  0x0000000000000168       0x20 ./Startup/startup_stm32f407vetx.o

.debug_macro    0x0000000000000000     0x2645
 .debug_macro   0x0000000000000000      0x187 ./Drivers/Src/stm32f407xx_gpio_drv.o
 .debug_macro   0x0000000000000187      0xa7e ./Drivers/Src/stm32f407xx_gpio_drv.o
 .debug_macro   0x0000000000000c05       0x22 ./Drivers/Src/stm32f407xx_gpio_drv.o
 .debug_macro   0x0000000000000c27       0x8e ./Drivers/Src/stm32f407xx_gpio_drv.o
 .debug_macro   0x0000000000000cb5       0x51 ./Drivers/Src/stm32f407xx_gpio_drv.o
 .debug_macro   0x0000000000000d06      0x103 ./Drivers/Src/stm32f407xx_gpio_drv.o
 .debug_macro   0x0000000000000e09       0x6a ./Drivers/Src/stm32f407xx_gpio_drv.o
 .debug_macro   0x0000000000000e73      0x1df ./Drivers/Src/stm32f407xx_gpio_drv.o
 .debug_macro   0x0000000000001052      0x174 ./Drivers/Src/stm32f407xx_gpio_drv.o
 .debug_macro   0x00000000000011c6      0x2f6 ./Drivers/Src/stm32f407xx_gpio_drv.o
 .debug_macro   0x00000000000014bc       0xfa ./Drivers/Src/stm32f407xx_gpio_drv.o
 .debug_macro   0x00000000000015b6       0x52 ./Drivers/Src/stm32f407xx_gpio_drv.o
 .debug_macro   0x0000000000001608       0x1e ./Drivers/Src/stm32f407xx_gpio_drv.o
 .debug_macro   0x0000000000001626       0x3c ./Drivers/Src/stm32f407xx_gpio_drv.o
 .debug_macro   0x0000000000001662       0x34 ./Drivers/Src/stm32f407xx_gpio_drv.o
 .debug_macro   0x0000000000001696       0x16 ./Drivers/Src/stm32f407xx_gpio_drv.o
 .debug_macro   0x00000000000016ac       0x43 ./Drivers/Src/stm32f407xx_gpio_drv.o
 .debug_macro   0x00000000000016ef       0x34 ./Drivers/Src/stm32f407xx_gpio_drv.o
 .debug_macro   0x0000000000001723       0x10 ./Drivers/Src/stm32f407xx_gpio_drv.o
 .debug_macro   0x0000000000001733       0x58 ./Drivers/Src/stm32f407xx_gpio_drv.o
 .debug_macro   0x000000000000178b       0x71 ./Drivers/Src/stm32f407xx_gpio_drv.o
 .debug_macro   0x00000000000017fc       0x1c ./Drivers/Src/stm32f407xx_gpio_drv.o
 .debug_macro   0x0000000000001818      0x12a ./Drivers/Src/stm32f407xx_gpio_drv.o
 .debug_macro   0x0000000000001942      0x341 ./Drivers/Src/stm32f407xx_gpio_drv.o
 .debug_macro   0x0000000000001c83       0x10 ./Drivers/Src/stm32f407xx_gpio_drv.o
 .debug_macro   0x0000000000001c93       0x35 ./Drivers/Src/stm32f407xx_gpio_drv.o
 .debug_macro   0x0000000000001cc8       0x20 ./Drivers/Src/stm32f407xx_gpio_drv.o
 .debug_macro   0x0000000000001ce8      0x160 ./Drivers/Src/stm32f407xx_gpio_drv.o
 .debug_macro   0x0000000000001e48      0x187 ./Drivers/Src/stm32f407xx_spi_driver.o
 .debug_macro   0x0000000000001fcf      0x29d ./Src/005_SPI_CmdTxRx_v3.o
 .debug_macro   0x000000000000226c       0x22 ./Src/005_SPI_CmdTxRx_v3.o
 .debug_macro   0x000000000000228e       0x1c ./Src/005_SPI_CmdTxRx_v3.o
 .debug_macro   0x00000000000022aa       0x10 ./Src/005_SPI_CmdTxRx_v3.o
 .debug_macro   0x00000000000022ba       0x10 ./Src/005_SPI_CmdTxRx_v3.o
 .debug_macro   0x00000000000022ca       0x1c ./Src/005_SPI_CmdTxRx_v3.o
 .debug_macro   0x00000000000022e6       0x52 ./Src/005_SPI_CmdTxRx_v3.o
 .debug_macro   0x0000000000002338       0x22 ./Src/005_SPI_CmdTxRx_v3.o
 .debug_macro   0x000000000000235a       0x10 ./Src/005_SPI_CmdTxRx_v3.o
 .debug_macro   0x000000000000236a       0x52 ./Src/005_SPI_CmdTxRx_v3.o
 .debug_macro   0x00000000000023bc       0xd5 ./Src/005_SPI_CmdTxRx_v3.o
 .debug_macro   0x0000000000002491       0x1c ./Src/005_SPI_CmdTxRx_v3.o
 .debug_macro   0x00000000000024ad       0x3d ./Src/005_SPI_CmdTxRx_v3.o
 .debug_macro   0x00000000000024ea       0x16 ./Src/005_SPI_CmdTxRx_v3.o
 .debug_macro   0x0000000000002500      0x145 ./Src/005_SPI_CmdTxRx_v3.o

.debug_line     0x0000000000000000     0x1fb8
 .debug_line    0x0000000000000000      0xc13 ./Drivers/Src/stm32f407xx_gpio_drv.o
 .debug_line    0x0000000000000c13      0x92f ./Drivers/Src/stm32f407xx_spi_driver.o
 .debug_line    0x0000000000001542      0x9f2 ./Src/005_SPI_CmdTxRx_v3.o
 .debug_line    0x0000000000001f34       0x84 ./Startup/startup_stm32f407vetx.o

.debug_str      0x0000000000000000     0x9b04
 .debug_str     0x0000000000000000     0x87f7 ./Drivers/Src/stm32f407xx_gpio_drv.o
                                       0x8a12 (size before relaxing)
 .debug_str     0x00000000000087f7      0x193 ./Drivers/Src/stm32f407xx_spi_driver.o
                                       0x8911 (size before relaxing)
 .debug_str     0x000000000000898a     0x1149 ./Src/005_SPI_CmdTxRx_v3.o
                                       0x99d9 (size before relaxing)
 .debug_str     0x0000000000009ad3       0x31 ./Startup/startup_stm32f407vetx.o
                                         0x8a (size before relaxing)

.comment        0x0000000000000000       0x50
 .comment       0x0000000000000000       0x50 ./Drivers/Src/stm32f407xx_gpio_drv.o
                                         0x51 (size before relaxing)
 .comment       0x0000000000000050       0x51 ./Drivers/Src/stm32f407xx_spi_driver.o
 .comment       0x0000000000000050       0x51 ./Src/005_SPI_CmdTxRx_v3.o

.debug_frame    0x0000000000000000      0x46c
 .debug_frame   0x0000000000000000      0x1c8 ./Drivers/Src/stm32f407xx_gpio_drv.o
 .debug_frame   0x00000000000001c8      0x170 ./Drivers/Src/stm32f407xx_spi_driver.o
 .debug_frame   0x0000000000000338      0x108 ./Src/005_SPI_CmdTxRx_v3.o
 .debug_frame   0x0000000000000440       0x2c f:/softwares_installed/docnav/stm32_cubeide/stm32cubeide_1.10.1/stm32cubeide/plugins/com.st.stm32cube.ide.mcu.externaltools.gnu-tools-for-stm32.10.3-2021.10.win32_1.0.0.202111181127/tools/bin/../lib/gcc/arm-none-eabi/10.3.1/../../../../arm-none-eabi/lib/thumb/v7e-m+fp/hard\libc_nano.a(lib_a-init.o)
