Archive member included to satisfy reference by file (symbol)

f:/softwares_installed/docnav/stm32_cubeide/stm32cubeide_1.10.1/stm32cubeide/plugins/com.st.stm32cube.ide.mcu.externaltools.gnu-tools-for-stm32.10.3-2021.10.win32_1.0.0.202111181127/tools/bin/../lib/gcc/arm-none-eabi/10.3.1/../../../../arm-none-eabi/lib/thumb/v7e-m+fp/hard\libc_nano.a(lib_a-errno.o)
                              ./Src/syscalls.o (__errno)
f:/softwares_installed/docnav/stm32_cubeide/stm32cubeide_1.10.1/stm32cubeide/plugins/com.st.stm32cube.ide.mcu.externaltools.gnu-tools-for-stm32.10.3-2021.10.win32_1.0.0.202111181127/tools/bin/../lib/gcc/arm-none-eabi/10.3.1/../../../../arm-none-eabi/lib/thumb/v7e-m+fp/hard\libc_nano.a(lib_a-exit.o)
                              f:/softwares_installed/docnav/stm32_cubeide/stm32cubeide_1.10.1/stm32cubeide/plugins/com.st.stm32cube.ide.mcu.externaltools.gnu-tools-for-stm32.10.3-2021.10.win32_1.0.0.202111181127/tools/bin/../lib/gcc/arm-none-eabi/10.3.1/../../../../arm-none-eabi/lib/thumb/v7e-m+fp/hard/crt0.o (exit)
f:/softwares_installed/docnav/stm32_cubeide/stm32cubeide_1.10.1/stm32cubeide/plugins/com.st.stm32cube.ide.mcu.externaltools.gnu-tools-for-stm32.10.3-2021.10.win32_1.0.0.202111181127/tools/bin/../lib/gcc/arm-none-eabi/10.3.1/../../../../arm-none-eabi/lib/thumb/v7e-m+fp/hard\libc_nano.a(lib_a-impure.o)
                              f:/softwares_installed/docnav/stm32_cubeide/stm32cubeide_1.10.1/stm32cubeide/plugins/com.st.stm32cube.ide.mcu.externaltools.gnu-tools-for-stm32.10.3-2021.10.win32_1.0.0.202111181127/tools/bin/../lib/gcc/arm-none-eabi/10.3.1/../../../../arm-none-eabi/lib/thumb/v7e-m+fp/hard\libc_nano.a(lib_a-exit.o) (_global_impure_ptr)
f:/softwares_installed/docnav/stm32_cubeide/stm32cubeide_1.10.1/stm32cubeide/plugins/com.st.stm32cube.ide.mcu.externaltools.gnu-tools-for-stm32.10.3-2021.10.win32_1.0.0.202111181127/tools/bin/../lib/gcc/arm-none-eabi/10.3.1/../../../../arm-none-eabi/lib/thumb/v7e-m+fp/hard\libc_nano.a(lib_a-init.o)
                              f:/softwares_installed/docnav/stm32_cubeide/stm32cubeide_1.10.1/stm32cubeide/plugins/com.st.stm32cube.ide.mcu.externaltools.gnu-tools-for-stm32.10.3-2021.10.win32_1.0.0.202111181127/tools/bin/../lib/gcc/arm-none-eabi/10.3.1/../../../../arm-none-eabi/lib/thumb/v7e-m+fp/hard/crt0.o (__libc_init_array)
f:/softwares_installed/docnav/stm32_cubeide/stm32cubeide_1.10.1/stm32cubeide/plugins/com.st.stm32cube.ide.mcu.externaltools.gnu-tools-for-stm32.10.3-2021.10.win32_1.0.0.202111181127/tools/bin/../lib/gcc/arm-none-eabi/10.3.1/../../../../arm-none-eabi/lib/thumb/v7e-m+fp/hard\libc_nano.a(lib_a-memset.o)
                              f:/softwares_installed/docnav/stm32_cubeide/stm32cubeide_1.10.1/stm32cubeide/plugins/com.st.stm32cube.ide.mcu.externaltools.gnu-tools-for-stm32.10.3-2021.10.win32_1.0.0.202111181127/tools/bin/../lib/gcc/arm-none-eabi/10.3.1/../../../../arm-none-eabi/lib/thumb/v7e-m+fp/hard/crt0.o (memset)
f:/softwares_installed/docnav/stm32_cubeide/stm32cubeide_1.10.1/stm32cubeide/plugins/com.st.stm32cube.ide.mcu.externaltools.gnu-tools-for-stm32.10.3-2021.10.win32_1.0.0.202111181127/tools/bin/../lib/gcc/arm-none-eabi/10.3.1/../../../../arm-none-eabi/lib/thumb/v7e-m+fp/hard\libc_nano.a(lib_a-strlen.o)
                              ./Src/004_SPI_ArduinoTx.o (strlen)

Discarded input sections

 .text          0x0000000000000000        0x0 f:/softwares_installed/docnav/stm32_cubeide/stm32cubeide_1.10.1/stm32cubeide/plugins/com.st.stm32cube.ide.mcu.externaltools.gnu-tools-for-stm32.10.3-2021.10.win32_1.0.0.202111181127/tools/bin/../lib/gcc/arm-none-eabi/10.3.1/thumb/v7e-m+fp/hard/crti.o
 .data          0x0000000000000000        0x0 f:/softwares_installed/docnav/stm32_cubeide/stm32cubeide_1.10.1/stm32cubeide/plugins/com.st.stm32cube.ide.mcu.externaltools.gnu-tools-for-stm32.10.3-2021.10.win32_1.0.0.202111181127/tools/bin/../lib/gcc/arm-none-eabi/10.3.1/thumb/v7e-m+fp/hard/crti.o
 .bss           0x0000000000000000        0x0 f:/softwares_installed/docnav/stm32_cubeide/stm32cubeide_1.10.1/stm32cubeide/plugins/com.st.stm32cube.ide.mcu.externaltools.gnu-tools-for-stm32.10.3-2021.10.win32_1.0.0.202111181127/tools/bin/../lib/gcc/arm-none-eabi/10.3.1/thumb/v7e-m+fp/hard/crti.o
 .data          0x0000000000000000        0x4 f:/softwares_installed/docnav/stm32_cubeide/stm32cubeide_1.10.1/stm32cubeide/plugins/com.st.stm32cube.ide.mcu.externaltools.gnu-tools-for-stm32.10.3-2021.10.win32_1.0.0.202111181127/tools/bin/../lib/gcc/arm-none-eabi/10.3.1/thumb/v7e-m+fp/hard/crtbegin.o
 .rodata        0x0000000000000000       0x24 f:/softwares_installed/docnav/stm32_cubeide/stm32cubeide_1.10.1/stm32cubeide/plugins/com.st.stm32cube.ide.mcu.externaltools.gnu-tools-for-stm32.10.3-2021.10.win32_1.0.0.202111181127/tools/bin/../lib/gcc/arm-none-eabi/10.3.1/thumb/v7e-m+fp/hard/crtbegin.o
 .text          0x0000000000000000       0x7c f:/softwares_installed/docnav/stm32_cubeide/stm32cubeide_1.10.1/stm32cubeide/plugins/com.st.stm32cube.ide.mcu.externaltools.gnu-tools-for-stm32.10.3-2021.10.win32_1.0.0.202111181127/tools/bin/../lib/gcc/arm-none-eabi/10.3.1/../../../../arm-none-eabi/lib/thumb/v7e-m+fp/hard/crt0.o
 .data          0x0000000000000000        0x0 f:/softwares_installed/docnav/stm32_cubeide/stm32cubeide_1.10.1/stm32cubeide/plugins/com.st.stm32cube.ide.mcu.externaltools.gnu-tools-for-stm32.10.3-2021.10.win32_1.0.0.202111181127/tools/bin/../lib/gcc/arm-none-eabi/10.3.1/../../../../arm-none-eabi/lib/thumb/v7e-m+fp/hard/crt0.o
 .bss           0x0000000000000000        0x0 f:/softwares_installed/docnav/stm32_cubeide/stm32cubeide_1.10.1/stm32cubeide/plugins/com.st.stm32cube.ide.mcu.externaltools.gnu-tools-for-stm32.10.3-2021.10.win32_1.0.0.202111181127/tools/bin/../lib/gcc/arm-none-eabi/10.3.1/../../../../arm-none-eabi/lib/thumb/v7e-m+fp/hard/crt0.o
 .ARM.extab     0x0000000000000000        0x0 f:/softwares_installed/docnav/stm32_cubeide/stm32cubeide_1.10.1/stm32cubeide/plugins/com.st.stm32cube.ide.mcu.externaltools.gnu-tools-for-stm32.10.3-2021.10.win32_1.0.0.202111181127/tools/bin/../lib/gcc/arm-none-eabi/10.3.1/../../../../arm-none-eabi/lib/thumb/v7e-m+fp/hard/crt0.o
 .ARM.exidx     0x0000000000000000       0x10 f:/softwares_installed/docnav/stm32_cubeide/stm32cubeide_1.10.1/stm32cubeide/plugins/com.st.stm32cube.ide.mcu.externaltools.gnu-tools-for-stm32.10.3-2021.10.win32_1.0.0.202111181127/tools/bin/../lib/gcc/arm-none-eabi/10.3.1/../../../../arm-none-eabi/lib/thumb/v7e-m+fp/hard/crt0.o
 .ARM.attributes
                0x0000000000000000       0x1c f:/softwares_installed/docnav/stm32_cubeide/stm32cubeide_1.10.1/stm32cubeide/plugins/com.st.stm32cube.ide.mcu.externaltools.gnu-tools-for-stm32.10.3-2021.10.win32_1.0.0.202111181127/tools/bin/../lib/gcc/arm-none-eabi/10.3.1/../../../../arm-none-eabi/lib/thumb/v7e-m+fp/hard/crt0.o
 .group         0x0000000000000000        0xc ./Drivers/Src/stm32f407xx_gpio_drv.o
 .group         0x0000000000000000        0xc ./Drivers/Src/stm32f407xx_gpio_drv.o
 .group         0x0000000000000000        0xc ./Drivers/Src/stm32f407xx_gpio_drv.o
 .group         0x0000000000000000        0xc ./Drivers/Src/stm32f407xx_gpio_drv.o
 .group         0x0000000000000000        0xc ./Drivers/Src/stm32f407xx_gpio_drv.o
 .group         0x0000000000000000        0xc ./Drivers/Src/stm32f407xx_gpio_drv.o
 .group         0x0000000000000000        0xc ./Drivers/Src/stm32f407xx_gpio_drv.o
 .group         0x0000000000000000        0xc ./Drivers/Src/stm32f407xx_gpio_drv.o
 .group         0x0000000000000000        0xc ./Drivers/Src/stm32f407xx_gpio_drv.o
 .group         0x0000000000000000        0xc ./Drivers/Src/stm32f407xx_gpio_drv.o
 .group         0x0000000000000000        0xc ./Drivers/Src/stm32f407xx_gpio_drv.o
 .group         0x0000000000000000        0xc ./Drivers/Src/stm32f407xx_gpio_drv.o
 .group         0x0000000000000000        0xc ./Drivers/Src/stm32f407xx_gpio_drv.o
 .group         0x0000000000000000        0xc ./Drivers/Src/stm32f407xx_gpio_drv.o
 .group         0x0000000000000000        0xc ./Drivers/Src/stm32f407xx_gpio_drv.o
 .group         0x0000000000000000        0xc ./Drivers/Src/stm32f407xx_gpio_drv.o
 .group         0x0000000000000000        0xc ./Drivers/Src/stm32f407xx_gpio_drv.o
 .group         0x0000000000000000        0xc ./Drivers/Src/stm32f407xx_gpio_drv.o
 .group         0x0000000000000000        0xc ./Drivers/Src/stm32f407xx_gpio_drv.o
 .group         0x0000000000000000        0xc ./Drivers/Src/stm32f407xx_gpio_drv.o
 .group         0x0000000000000000        0xc ./Drivers/Src/stm32f407xx_gpio_drv.o
 .group         0x0000000000000000        0xc ./Drivers/Src/stm32f407xx_gpio_drv.o
 .group         0x0000000000000000        0xc ./Drivers/Src/stm32f407xx_gpio_drv.o
 .group         0x0000000000000000        0xc ./Drivers/Src/stm32f407xx_gpio_drv.o
 .group         0x0000000000000000        0xc ./Drivers/Src/stm32f407xx_gpio_drv.o
 .group         0x0000000000000000        0xc ./Drivers/Src/stm32f407xx_gpio_drv.o
 .group         0x0000000000000000        0xc ./Drivers/Src/stm32f407xx_gpio_drv.o
 .text          0x0000000000000000        0x0 ./Drivers/Src/stm32f407xx_gpio_drv.o
 .data          0x0000000000000000        0x0 ./Drivers/Src/stm32f407xx_gpio_drv.o
 .bss           0x0000000000000000        0x0 ./Drivers/Src/stm32f407xx_gpio_drv.o
 .text.GPIO_DeInit
                0x0000000000000000      0x16c ./Drivers/Src/stm32f407xx_gpio_drv.o
 .text.GPIO_PortRead
                0x0000000000000000       0x1a ./Drivers/Src/stm32f407xx_gpio_drv.o
 .text.GPIO_OPortWrite
                0x0000000000000000       0x1e ./Drivers/Src/stm32f407xx_gpio_drv.o
 .text.GPIO_ToggleOpin
                0x0000000000000000       0x2a ./Drivers/Src/stm32f407xx_gpio_drv.o
 .text.GPIO_IRQconfig
                0x0000000000000000      0x13c ./Drivers/Src/stm32f407xx_gpio_drv.o
 .text.GPIO_IRQhandler
                0x0000000000000000       0x40 ./Drivers/Src/stm32f407xx_gpio_drv.o
 .group         0x0000000000000000        0xc ./Drivers/Src/stm32f407xx_spi_driver.o
 .group         0x0000000000000000        0xc ./Drivers/Src/stm32f407xx_spi_driver.o
 .group         0x0000000000000000        0xc ./Drivers/Src/stm32f407xx_spi_driver.o
 .group         0x0000000000000000        0xc ./Drivers/Src/stm32f407xx_spi_driver.o
 .group         0x0000000000000000        0xc ./Drivers/Src/stm32f407xx_spi_driver.o
 .group         0x0000000000000000        0xc ./Drivers/Src/stm32f407xx_spi_driver.o
 .group         0x0000000000000000        0xc ./Drivers/Src/stm32f407xx_spi_driver.o
 .group         0x0000000000000000        0xc ./Drivers/Src/stm32f407xx_spi_driver.o
 .group         0x0000000000000000        0xc ./Drivers/Src/stm32f407xx_spi_driver.o
 .group         0x0000000000000000        0xc ./Drivers/Src/stm32f407xx_spi_driver.o
 .group         0x0000000000000000        0xc ./Drivers/Src/stm32f407xx_spi_driver.o
 .group         0x0000000000000000        0xc ./Drivers/Src/stm32f407xx_spi_driver.o
 .group         0x0000000000000000        0xc ./Drivers/Src/stm32f407xx_spi_driver.o
 .group         0x0000000000000000        0xc ./Drivers/Src/stm32f407xx_spi_driver.o
 .group         0x0000000000000000        0xc ./Drivers/Src/stm32f407xx_spi_driver.o
 .group         0x0000000000000000        0xc ./Drivers/Src/stm32f407xx_spi_driver.o
 .group         0x0000000000000000        0xc ./Drivers/Src/stm32f407xx_spi_driver.o
 .group         0x0000000000000000        0xc ./Drivers/Src/stm32f407xx_spi_driver.o
 .group         0x0000000000000000        0xc ./Drivers/Src/stm32f407xx_spi_driver.o
 .group         0x0000000000000000        0xc ./Drivers/Src/stm32f407xx_spi_driver.o
 .group         0x0000000000000000        0xc ./Drivers/Src/stm32f407xx_spi_driver.o
 .group         0x0000000000000000        0xc ./Drivers/Src/stm32f407xx_spi_driver.o
 .group         0x0000000000000000        0xc ./Drivers/Src/stm32f407xx_spi_driver.o
 .group         0x0000000000000000        0xc ./Drivers/Src/stm32f407xx_spi_driver.o
 .group         0x0000000000000000        0xc ./Drivers/Src/stm32f407xx_spi_driver.o
 .group         0x0000000000000000        0xc ./Drivers/Src/stm32f407xx_spi_driver.o
 .group         0x0000000000000000        0xc ./Drivers/Src/stm32f407xx_spi_driver.o
 .text          0x0000000000000000        0x0 ./Drivers/Src/stm32f407xx_spi_driver.o
 .data          0x0000000000000000        0x0 ./Drivers/Src/stm32f407xx_spi_driver.o
 .bss           0x0000000000000000        0x0 ./Drivers/Src/stm32f407xx_spi_driver.o
 .text.SPI_DeInit
                0x0000000000000000       0x88 ./Drivers/Src/stm32f407xx_spi_driver.o
 .text.SPI_SSIConfig
                0x0000000000000000       0x3e ./Drivers/Src/stm32f407xx_spi_driver.o
 .debug_macro   0x0000000000000000      0xa7e ./Drivers/Src/stm32f407xx_spi_driver.o
 .debug_macro   0x0000000000000000       0x22 ./Drivers/Src/stm32f407xx_spi_driver.o
 .debug_macro   0x0000000000000000       0x8e ./Drivers/Src/stm32f407xx_spi_driver.o
 .debug_macro   0x0000000000000000       0x51 ./Drivers/Src/stm32f407xx_spi_driver.o
 .debug_macro   0x0000000000000000      0x103 ./Drivers/Src/stm32f407xx_spi_driver.o
 .debug_macro   0x0000000000000000       0x6a ./Drivers/Src/stm32f407xx_spi_driver.o
 .debug_macro   0x0000000000000000      0x1df ./Drivers/Src/stm32f407xx_spi_driver.o
 .debug_macro   0x0000000000000000      0x174 ./Drivers/Src/stm32f407xx_spi_driver.o
 .debug_macro   0x0000000000000000      0x2f6 ./Drivers/Src/stm32f407xx_spi_driver.o
 .debug_macro   0x0000000000000000       0xfa ./Drivers/Src/stm32f407xx_spi_driver.o
 .debug_macro   0x0000000000000000       0x52 ./Drivers/Src/stm32f407xx_spi_driver.o
 .debug_macro   0x0000000000000000       0x1e ./Drivers/Src/stm32f407xx_spi_driver.o
 .debug_macro   0x0000000000000000       0x3c ./Drivers/Src/stm32f407xx_spi_driver.o
 .debug_macro   0x0000000000000000       0x34 ./Drivers/Src/stm32f407xx_spi_driver.o
 .debug_macro   0x0000000000000000       0x16 ./Drivers/Src/stm32f407xx_spi_driver.o
 .debug_macro   0x0000000000000000       0x43 ./Drivers/Src/stm32f407xx_spi_driver.o
 .debug_macro   0x0000000000000000       0x34 ./Drivers/Src/stm32f407xx_spi_driver.o
 .debug_macro   0x0000000000000000       0x10 ./Drivers/Src/stm32f407xx_spi_driver.o
 .debug_macro   0x0000000000000000       0x58 ./Drivers/Src/stm32f407xx_spi_driver.o
 .debug_macro   0x0000000000000000       0x71 ./Drivers/Src/stm32f407xx_spi_driver.o
 .debug_macro   0x0000000000000000       0x1c ./Drivers/Src/stm32f407xx_spi_driver.o
 .debug_macro   0x0000000000000000      0x12a ./Drivers/Src/stm32f407xx_spi_driver.o
 .debug_macro   0x0000000000000000      0x341 ./Drivers/Src/stm32f407xx_spi_driver.o
 .debug_macro   0x0000000000000000       0x10 ./Drivers/Src/stm32f407xx_spi_driver.o
 .debug_macro   0x0000000000000000       0x35 ./Drivers/Src/stm32f407xx_spi_driver.o
 .debug_macro   0x0000000000000000       0x20 ./Drivers/Src/stm32f407xx_spi_driver.o
 .debug_macro   0x0000000000000000      0x10c ./Drivers/Src/stm32f407xx_spi_driver.o
 .group         0x0000000000000000        0xc ./Src/004_SPI_ArduinoTx.o
 .group         0x0000000000000000        0xc ./Src/004_SPI_ArduinoTx.o
 .group         0x0000000000000000        0xc ./Src/004_SPI_ArduinoTx.o
 .group         0x0000000000000000        0xc ./Src/004_SPI_ArduinoTx.o
 .group         0x0000000000000000        0xc ./Src/004_SPI_ArduinoTx.o
 .group         0x0000000000000000        0xc ./Src/004_SPI_ArduinoTx.o
 .group         0x0000000000000000        0xc ./Src/004_SPI_ArduinoTx.o
 .group         0x0000000000000000        0xc ./Src/004_SPI_ArduinoTx.o
 .group         0x0000000000000000        0xc ./Src/004_SPI_ArduinoTx.o
 .group         0x0000000000000000        0xc ./Src/004_SPI_ArduinoTx.o
 .group         0x0000000000000000        0xc ./Src/004_SPI_ArduinoTx.o
 .group         0x0000000000000000        0xc ./Src/004_SPI_ArduinoTx.o
 .group         0x0000000000000000        0xc ./Src/004_SPI_ArduinoTx.o
 .group         0x0000000000000000        0xc ./Src/004_SPI_ArduinoTx.o
 .group         0x0000000000000000        0xc ./Src/004_SPI_ArduinoTx.o
 .group         0x0000000000000000        0xc ./Src/004_SPI_ArduinoTx.o
 .group         0x0000000000000000        0xc ./Src/004_SPI_ArduinoTx.o
 .group         0x0000000000000000        0xc ./Src/004_SPI_ArduinoTx.o
 .group         0x0000000000000000        0xc ./Src/004_SPI_ArduinoTx.o
 .group         0x0000000000000000        0xc ./Src/004_SPI_ArduinoTx.o
 .group         0x0000000000000000        0xc ./Src/004_SPI_ArduinoTx.o
 .group         0x0000000000000000        0xc ./Src/004_SPI_ArduinoTx.o
 .group         0x0000000000000000        0xc ./Src/004_SPI_ArduinoTx.o
 .group         0x0000000000000000        0xc ./Src/004_SPI_ArduinoTx.o
 .group         0x0000000000000000        0xc ./Src/004_SPI_ArduinoTx.o
 .group         0x0000000000000000        0xc ./Src/004_SPI_ArduinoTx.o
 .group         0x0000000000000000        0xc ./Src/004_SPI_ArduinoTx.o
 .text          0x0000000000000000        0x0 ./Src/004_SPI_ArduinoTx.o
 .data          0x0000000000000000        0x0 ./Src/004_SPI_ArduinoTx.o
 .bss           0x0000000000000000        0x0 ./Src/004_SPI_ArduinoTx.o
 .debug_macro   0x0000000000000000      0xa7e ./Src/004_SPI_ArduinoTx.o
 .debug_macro   0x0000000000000000       0x22 ./Src/004_SPI_ArduinoTx.o
 .debug_macro   0x0000000000000000       0x8e ./Src/004_SPI_ArduinoTx.o
 .debug_macro   0x0000000000000000       0x51 ./Src/004_SPI_ArduinoTx.o
 .debug_macro   0x0000000000000000      0x103 ./Src/004_SPI_ArduinoTx.o
 .debug_macro   0x0000000000000000       0x6a ./Src/004_SPI_ArduinoTx.o
 .debug_macro   0x0000000000000000      0x1df ./Src/004_SPI_ArduinoTx.o
 .debug_macro   0x0000000000000000      0x174 ./Src/004_SPI_ArduinoTx.o
 .debug_macro   0x0000000000000000      0x2f6 ./Src/004_SPI_ArduinoTx.o
 .debug_macro   0x0000000000000000       0xfa ./Src/004_SPI_ArduinoTx.o
 .debug_macro   0x0000000000000000       0x52 ./Src/004_SPI_ArduinoTx.o
 .debug_macro   0x0000000000000000       0x1e ./Src/004_SPI_ArduinoTx.o
 .debug_macro   0x0000000000000000       0x3c ./Src/004_SPI_ArduinoTx.o
 .debug_macro   0x0000000000000000       0x34 ./Src/004_SPI_ArduinoTx.o
 .debug_macro   0x0000000000000000       0x16 ./Src/004_SPI_ArduinoTx.o
 .debug_macro   0x0000000000000000       0x43 ./Src/004_SPI_ArduinoTx.o
 .debug_macro   0x0000000000000000       0x34 ./Src/004_SPI_ArduinoTx.o
 .debug_macro   0x0000000000000000       0x10 ./Src/004_SPI_ArduinoTx.o
 .debug_macro   0x0000000000000000       0x58 ./Src/004_SPI_ArduinoTx.o
 .debug_macro   0x0000000000000000       0x71 ./Src/004_SPI_ArduinoTx.o
 .debug_macro   0x0000000000000000       0x1c ./Src/004_SPI_ArduinoTx.o
 .debug_macro   0x0000000000000000      0x12a ./Src/004_SPI_ArduinoTx.o
 .debug_macro   0x0000000000000000      0x341 ./Src/004_SPI_ArduinoTx.o
 .debug_macro   0x0000000000000000       0x10 ./Src/004_SPI_ArduinoTx.o
 .debug_macro   0x0000000000000000       0x35 ./Src/004_SPI_ArduinoTx.o
 .debug_macro   0x0000000000000000       0x20 ./Src/004_SPI_ArduinoTx.o
 .debug_macro   0x0000000000000000      0x10c ./Src/004_SPI_ArduinoTx.o
 .group         0x0000000000000000        0xc ./Src/syscalls.o
 .group         0x0000000000000000        0xc ./Src/syscalls.o
 .group         0x0000000000000000        0xc ./Src/syscalls.o
 .group         0x0000000000000000        0xc ./Src/syscalls.o
 .group         0x0000000000000000        0xc ./Src/syscalls.o
 .group         0x0000000000000000        0xc ./Src/syscalls.o
 .group         0x0000000000000000        0xc ./Src/syscalls.o
 .group         0x0000000000000000        0xc ./Src/syscalls.o
 .group         0x0000000000000000        0xc ./Src/syscalls.o
 .group         0x0000000000000000        0xc ./Src/syscalls.o
 .group         0x0000000000000000        0xc ./Src/syscalls.o
 .group         0x0000000000000000        0xc ./Src/syscalls.o
 .group         0x0000000000000000        0xc ./Src/syscalls.o
 .group         0x0000000000000000        0xc ./Src/syscalls.o
 .group         0x0000000000000000        0xc ./Src/syscalls.o
 .group         0x0000000000000000        0xc ./Src/syscalls.o
 .group         0x0000000000000000        0xc ./Src/syscalls.o
 .group         0x0000000000000000        0xc ./Src/syscalls.o
 .group         0x0000000000000000        0xc ./Src/syscalls.o
 .group         0x0000000000000000        0xc ./Src/syscalls.o
 .group         0x0000000000000000        0xc ./Src/syscalls.o
 .group         0x0000000000000000        0xc ./Src/syscalls.o
 .group         0x0000000000000000        0xc ./Src/syscalls.o
 .group         0x0000000000000000        0xc ./Src/syscalls.o
 .group         0x0000000000000000        0xc ./Src/syscalls.o
 .group         0x0000000000000000        0xc ./Src/syscalls.o
 .group         0x0000000000000000        0xc ./Src/syscalls.o
 .group         0x0000000000000000        0xc ./Src/syscalls.o
 .group         0x0000000000000000        0xc ./Src/syscalls.o
 .group         0x0000000000000000        0xc ./Src/syscalls.o
 .group         0x0000000000000000        0xc ./Src/syscalls.o
 .group         0x0000000000000000        0xc ./Src/syscalls.o
 .group         0x0000000000000000        0xc ./Src/syscalls.o
 .group         0x0000000000000000        0xc ./Src/syscalls.o
 .group         0x0000000000000000        0xc ./Src/syscalls.o
 .group         0x0000000000000000        0xc ./Src/syscalls.o
 .group         0x0000000000000000        0xc ./Src/syscalls.o
 .group         0x0000000000000000        0xc ./Src/syscalls.o
 .group         0x0000000000000000        0xc ./Src/syscalls.o
 .group         0x0000000000000000        0xc ./Src/syscalls.o
 .group         0x0000000000000000        0xc ./Src/syscalls.o
 .group         0x0000000000000000        0xc ./Src/syscalls.o
 .group         0x0000000000000000        0xc ./Src/syscalls.o
 .group         0x0000000000000000        0xc ./Src/syscalls.o
 .group         0x0000000000000000        0xc ./Src/syscalls.o
 .group         0x0000000000000000        0xc ./Src/syscalls.o
 .group         0x0000000000000000        0xc ./Src/syscalls.o
 .text          0x0000000000000000        0x0 ./Src/syscalls.o
 .data          0x0000000000000000        0x0 ./Src/syscalls.o
 .bss           0x0000000000000000        0x0 ./Src/syscalls.o
 .bss.__env     0x0000000000000000        0x4 ./Src/syscalls.o
 .data.environ  0x0000000000000000        0x4 ./Src/syscalls.o
 .text.initialise_monitor_handles
                0x0000000000000000        0xe ./Src/syscalls.o
 .text._getpid  0x0000000000000000       0x10 ./Src/syscalls.o
 .text._kill    0x0000000000000000       0x20 ./Src/syscalls.o
 .text._exit    0x0000000000000000       0x14 ./Src/syscalls.o
 .text._read    0x0000000000000000       0x3a ./Src/syscalls.o
 .text._write   0x0000000000000000       0x38 ./Src/syscalls.o
 .text._close   0x0000000000000000       0x18 ./Src/syscalls.o
 .text._fstat   0x0000000000000000       0x20 ./Src/syscalls.o
 .text._isatty  0x0000000000000000       0x16 ./Src/syscalls.o
 .text._lseek   0x0000000000000000       0x1a ./Src/syscalls.o
 .text._open    0x0000000000000000       0x1c ./Src/syscalls.o
 .text._wait    0x0000000000000000       0x1e ./Src/syscalls.o
 .text._unlink  0x0000000000000000       0x1e ./Src/syscalls.o
 .text._times   0x0000000000000000       0x18 ./Src/syscalls.o
 .text._stat    0x0000000000000000       0x20 ./Src/syscalls.o
 .text._link    0x0000000000000000       0x20 ./Src/syscalls.o
 .text._fork    0x0000000000000000       0x16 ./Src/syscalls.o
 .text._execve  0x0000000000000000       0x22 ./Src/syscalls.o
 .debug_info    0x0000000000000000      0x6e0 ./Src/syscalls.o
 .debug_abbrev  0x0000000000000000      0x1b3 ./Src/syscalls.o
 .debug_aranges
                0x0000000000000000       0xa8 ./Src/syscalls.o
 .debug_ranges  0x0000000000000000       0x98 ./Src/syscalls.o
 .debug_macro   0x0000000000000000      0x24c ./Src/syscalls.o
 .debug_macro   0x0000000000000000      0xa7e ./Src/syscalls.o
 .debug_macro   0x0000000000000000       0x22 ./Src/syscalls.o
 .debug_macro   0x0000000000000000       0x4c ./Src/syscalls.o
 .debug_macro   0x0000000000000000       0x1e ./Src/syscalls.o
 .debug_macro   0x0000000000000000       0x94 ./Src/syscalls.o
 .debug_macro   0x0000000000000000       0x3c ./Src/syscalls.o
 .debug_macro   0x0000000000000000       0x34 ./Src/syscalls.o
 .debug_macro   0x0000000000000000       0x57 ./Src/syscalls.o
 .debug_macro   0x0000000000000000      0x174 ./Src/syscalls.o
 .debug_macro   0x0000000000000000      0x341 ./Src/syscalls.o
 .debug_macro   0x0000000000000000       0x16 ./Src/syscalls.o
 .debug_macro   0x0000000000000000       0x43 ./Src/syscalls.o
 .debug_macro   0x0000000000000000       0x34 ./Src/syscalls.o
 .debug_macro   0x0000000000000000       0x10 ./Src/syscalls.o
 .debug_macro   0x0000000000000000       0x58 ./Src/syscalls.o
 .debug_macro   0x0000000000000000       0x71 ./Src/syscalls.o
 .debug_macro   0x0000000000000000       0x1c ./Src/syscalls.o
 .debug_macro   0x0000000000000000      0x12a ./Src/syscalls.o
 .debug_macro   0x0000000000000000       0x10 ./Src/syscalls.o
 .debug_macro   0x0000000000000000       0x35 ./Src/syscalls.o
 .debug_macro   0x0000000000000000       0x10 ./Src/syscalls.o
 .debug_macro   0x0000000000000000       0x10 ./Src/syscalls.o
 .debug_macro   0x0000000000000000       0x10 ./Src/syscalls.o
 .debug_macro   0x0000000000000000       0x6a ./Src/syscalls.o
 .debug_macro   0x0000000000000000       0x1c ./Src/syscalls.o
 .debug_macro   0x0000000000000000       0x52 ./Src/syscalls.o
 .debug_macro   0x0000000000000000       0x22 ./Src/syscalls.o
 .debug_macro   0x0000000000000000       0x10 ./Src/syscalls.o
 .debug_macro   0x0000000000000000       0x52 ./Src/syscalls.o
 .debug_macro   0x0000000000000000       0xd5 ./Src/syscalls.o
 .debug_macro   0x0000000000000000       0x1c ./Src/syscalls.o
 .debug_macro   0x0000000000000000       0x3d ./Src/syscalls.o
 .debug_macro   0x0000000000000000       0x35 ./Src/syscalls.o
 .debug_macro   0x0000000000000000      0x12c ./Src/syscalls.o
 .debug_macro   0x0000000000000000       0x16 ./Src/syscalls.o
 .debug_macro   0x0000000000000000       0x16 ./Src/syscalls.o
 .debug_macro   0x0000000000000000       0x29 ./Src/syscalls.o
 .debug_macro   0x0000000000000000       0x10 ./Src/syscalls.o
 .debug_macro   0x0000000000000000      0x241 ./Src/syscalls.o
 .debug_macro   0x0000000000000000       0x1c ./Src/syscalls.o
 .debug_macro   0x0000000000000000       0x10 ./Src/syscalls.o
 .debug_macro   0x0000000000000000       0x10 ./Src/syscalls.o
 .debug_macro   0x0000000000000000       0x16 ./Src/syscalls.o
 .debug_macro   0x0000000000000000      0x145 ./Src/syscalls.o
 .debug_macro   0x0000000000000000      0x189 ./Src/syscalls.o
 .debug_macro   0x0000000000000000       0x16 ./Src/syscalls.o
 .debug_macro   0x0000000000000000       0xce ./Src/syscalls.o
 .debug_line    0x0000000000000000      0x93d ./Src/syscalls.o
 .debug_str     0x0000000000000000     0x8a8f ./Src/syscalls.o
 .comment       0x0000000000000000       0x51 ./Src/syscalls.o
 .debug_frame   0x0000000000000000      0x2ac ./Src/syscalls.o
 .ARM.attributes
                0x0000000000000000       0x34 ./Src/syscalls.o
 .group         0x0000000000000000        0xc ./Src/sysmem.o
 .group         0x0000000000000000        0xc ./Src/sysmem.o
 .group         0x0000000000000000        0xc ./Src/sysmem.o
 .group         0x0000000000000000        0xc ./Src/sysmem.o
 .group         0x0000000000000000        0xc ./Src/sysmem.o
 .group         0x0000000000000000        0xc ./Src/sysmem.o
 .group         0x0000000000000000        0xc ./Src/sysmem.o
 .group         0x0000000000000000        0xc ./Src/sysmem.o
 .group         0x0000000000000000        0xc ./Src/sysmem.o
 .group         0x0000000000000000        0xc ./Src/sysmem.o
 .group         0x0000000000000000        0xc ./Src/sysmem.o
 .group         0x0000000000000000        0xc ./Src/sysmem.o
 .group         0x0000000000000000        0xc ./Src/sysmem.o
 .group         0x0000000000000000        0xc ./Src/sysmem.o
 .group         0x0000000000000000        0xc ./Src/sysmem.o
 .group         0x0000000000000000        0xc ./Src/sysmem.o
 .group         0x0000000000000000        0xc ./Src/sysmem.o
 .group         0x0000000000000000        0xc ./Src/sysmem.o
 .group         0x0000000000000000        0xc ./Src/sysmem.o
 .group         0x0000000000000000        0xc ./Src/sysmem.o
 .group         0x0000000000000000        0xc ./Src/sysmem.o
 .group         0x0000000000000000        0xc ./Src/sysmem.o
 .text          0x0000000000000000        0x0 ./Src/sysmem.o
 .data          0x0000000000000000        0x0 ./Src/sysmem.o
 .bss           0x0000000000000000        0x0 ./Src/sysmem.o
 .bss.__sbrk_heap_end
                0x0000000000000000        0x4 ./Src/sysmem.o
 .text._sbrk    0x0000000000000000       0x6c ./Src/sysmem.o
 .debug_info    0x0000000000000000      0x171 ./Src/sysmem.o
 .debug_abbrev  0x0000000000000000       0xbb ./Src/sysmem.o
 .debug_aranges
                0x0000000000000000       0x20 ./Src/sysmem.o
 .debug_ranges  0x0000000000000000       0x10 ./Src/sysmem.o
 .debug_macro   0x0000000000000000       0xff ./Src/sysmem.o
 .debug_macro   0x0000000000000000      0xa7e ./Src/sysmem.o
 .debug_macro   0x0000000000000000       0x10 ./Src/sysmem.o
 .debug_macro   0x0000000000000000       0x22 ./Src/sysmem.o
 .debug_macro   0x0000000000000000       0x4c ./Src/sysmem.o
 .debug_macro   0x0000000000000000       0x1e ./Src/sysmem.o
 .debug_macro   0x0000000000000000       0x94 ./Src/sysmem.o
 .debug_macro   0x0000000000000000       0x3c ./Src/sysmem.o
 .debug_macro   0x0000000000000000       0x34 ./Src/sysmem.o
 .debug_macro   0x0000000000000000      0x174 ./Src/sysmem.o
 .debug_macro   0x0000000000000000       0x16 ./Src/sysmem.o
 .debug_macro   0x0000000000000000       0x43 ./Src/sysmem.o
 .debug_macro   0x0000000000000000       0x57 ./Src/sysmem.o
 .debug_macro   0x0000000000000000       0x34 ./Src/sysmem.o
 .debug_macro   0x0000000000000000       0x10 ./Src/sysmem.o
 .debug_macro   0x0000000000000000       0x58 ./Src/sysmem.o
 .debug_macro   0x0000000000000000       0x71 ./Src/sysmem.o
 .debug_macro   0x0000000000000000       0x1c ./Src/sysmem.o
 .debug_macro   0x0000000000000000      0x12a ./Src/sysmem.o
 .debug_macro   0x0000000000000000      0x23b ./Src/sysmem.o
 .debug_macro   0x0000000000000000      0x103 ./Src/sysmem.o
 .debug_macro   0x0000000000000000       0x6a ./Src/sysmem.o
 .debug_macro   0x0000000000000000      0x1df ./Src/sysmem.o
 .debug_line    0x0000000000000000      0x633 ./Src/sysmem.o
 .debug_str     0x0000000000000000     0x5dcb ./Src/sysmem.o
 .comment       0x0000000000000000       0x51 ./Src/sysmem.o
 .debug_frame   0x0000000000000000       0x34 ./Src/sysmem.o
 .ARM.attributes
                0x0000000000000000       0x34 ./Src/sysmem.o
 .text          0x0000000000000000       0x14 ./Startup/startup_stm32f407vetx.o
 .data          0x0000000000000000        0x0 ./Startup/startup_stm32f407vetx.o
 .bss           0x0000000000000000        0x0 ./Startup/startup_stm32f407vetx.o
 .text          0x0000000000000000        0x0 f:/softwares_installed/docnav/stm32_cubeide/stm32cubeide_1.10.1/stm32cubeide/plugins/com.st.stm32cube.ide.mcu.externaltools.gnu-tools-for-stm32.10.3-2021.10.win32_1.0.0.202111181127/tools/bin/../lib/gcc/arm-none-eabi/10.3.1/../../../../arm-none-eabi/lib/thumb/v7e-m+fp/hard\libc_nano.a(lib_a-errno.o)
 .data          0x0000000000000000        0x0 f:/softwares_installed/docnav/stm32_cubeide/stm32cubeide_1.10.1/stm32cubeide/plugins/com.st.stm32cube.ide.mcu.externaltools.gnu-tools-for-stm32.10.3-2021.10.win32_1.0.0.202111181127/tools/bin/../lib/gcc/arm-none-eabi/10.3.1/../../../../arm-none-eabi/lib/thumb/v7e-m+fp/hard\libc_nano.a(lib_a-errno.o)
 .bss           0x0000000000000000        0x0 f:/softwares_installed/docnav/stm32_cubeide/stm32cubeide_1.10.1/stm32cubeide/plugins/com.st.stm32cube.ide.mcu.externaltools.gnu-tools-for-stm32.10.3-2021.10.win32_1.0.0.202111181127/tools/bin/../lib/gcc/arm-none-eabi/10.3.1/../../../../arm-none-eabi/lib/thumb/v7e-m+fp/hard\libc_nano.a(lib_a-errno.o)
 .text.__errno  0x0000000000000000        0xc f:/softwares_installed/docnav/stm32_cubeide/stm32cubeide_1.10.1/stm32cubeide/plugins/com.st.stm32cube.ide.mcu.externaltools.gnu-tools-for-stm32.10.3-2021.10.win32_1.0.0.202111181127/tools/bin/../lib/gcc/arm-none-eabi/10.3.1/../../../../arm-none-eabi/lib/thumb/v7e-m+fp/hard\libc_nano.a(lib_a-errno.o)
 .debug_frame   0x0000000000000000       0x20 f:/softwares_installed/docnav/stm32_cubeide/stm32cubeide_1.10.1/stm32cubeide/plugins/com.st.stm32cube.ide.mcu.externaltools.gnu-tools-for-stm32.10.3-2021.10.win32_1.0.0.202111181127/tools/bin/../lib/gcc/arm-none-eabi/10.3.1/../../../../arm-none-eabi/lib/thumb/v7e-m+fp/hard\libc_nano.a(lib_a-errno.o)
 .ARM.attributes
                0x0000000000000000       0x34 f:/softwares_installed/docnav/stm32_cubeide/stm32cubeide_1.10.1/stm32cubeide/plugins/com.st.stm32cube.ide.mcu.externaltools.gnu-tools-for-stm32.10.3-2021.10.win32_1.0.0.202111181127/tools/bin/../lib/gcc/arm-none-eabi/10.3.1/../../../../arm-none-eabi/lib/thumb/v7e-m+fp/hard\libc_nano.a(lib_a-errno.o)
 .text          0x0000000000000000        0x0 f:/softwares_installed/docnav/stm32_cubeide/stm32cubeide_1.10.1/stm32cubeide/plugins/com.st.stm32cube.ide.mcu.externaltools.gnu-tools-for-stm32.10.3-2021.10.win32_1.0.0.202111181127/tools/bin/../lib/gcc/arm-none-eabi/10.3.1/../../../../arm-none-eabi/lib/thumb/v7e-m+fp/hard\libc_nano.a(lib_a-exit.o)
 .data          0x0000000000000000        0x0 f:/softwares_installed/docnav/stm32_cubeide/stm32cubeide_1.10.1/stm32cubeide/plugins/com.st.stm32cube.ide.mcu.externaltools.gnu-tools-for-stm32.10.3-2021.10.win32_1.0.0.202111181127/tools/bin/../lib/gcc/arm-none-eabi/10.3.1/../../../../arm-none-eabi/lib/thumb/v7e-m+fp/hard\libc_nano.a(lib_a-exit.o)
 .bss           0x0000000000000000        0x0 f:/softwares_installed/docnav/stm32_cubeide/stm32cubeide_1.10.1/stm32cubeide/plugins/com.st.stm32cube.ide.mcu.externaltools.gnu-tools-for-stm32.10.3-2021.10.win32_1.0.0.202111181127/tools/bin/../lib/gcc/arm-none-eabi/10.3.1/../../../../arm-none-eabi/lib/thumb/v7e-m+fp/hard\libc_nano.a(lib_a-exit.o)
 .text.exit     0x0000000000000000       0x28 f:/softwares_installed/docnav/stm32_cubeide/stm32cubeide_1.10.1/stm32cubeide/plugins/com.st.stm32cube.ide.mcu.externaltools.gnu-tools-for-stm32.10.3-2021.10.win32_1.0.0.202111181127/tools/bin/../lib/gcc/arm-none-eabi/10.3.1/../../../../arm-none-eabi/lib/thumb/v7e-m+fp/hard\libc_nano.a(lib_a-exit.o)
 .debug_frame   0x0000000000000000       0x28 f:/softwares_installed/docnav/stm32_cubeide/stm32cubeide_1.10.1/stm32cubeide/plugins/com.st.stm32cube.ide.mcu.externaltools.gnu-tools-for-stm32.10.3-2021.10.win32_1.0.0.202111181127/tools/bin/../lib/gcc/arm-none-eabi/10.3.1/../../../../arm-none-eabi/lib/thumb/v7e-m+fp/hard\libc_nano.a(lib_a-exit.o)
 .ARM.attributes
                0x0000000000000000       0x34 f:/softwares_installed/docnav/stm32_cubeide/stm32cubeide_1.10.1/stm32cubeide/plugins/com.st.stm32cube.ide.mcu.externaltools.gnu-tools-for-stm32.10.3-2021.10.win32_1.0.0.202111181127/tools/bin/../lib/gcc/arm-none-eabi/10.3.1/../../../../arm-none-eabi/lib/thumb/v7e-m+fp/hard\libc_nano.a(lib_a-exit.o)
 .text          0x0000000000000000        0x0 f:/softwares_installed/docnav/stm32_cubeide/stm32cubeide_1.10.1/stm32cubeide/plugins/com.st.stm32cube.ide.mcu.externaltools.gnu-tools-for-stm32.10.3-2021.10.win32_1.0.0.202111181127/tools/bin/../lib/gcc/arm-none-eabi/10.3.1/../../../../arm-none-eabi/lib/thumb/v7e-m+fp/hard\libc_nano.a(lib_a-impure.o)
 .data          0x0000000000000000        0x0 f:/softwares_installed/docnav/stm32_cubeide/stm32cubeide_1.10.1/stm32cubeide/plugins/com.st.stm32cube.ide.mcu.externaltools.gnu-tools-for-stm32.10.3-2021.10.win32_1.0.0.202111181127/tools/bin/../lib/gcc/arm-none-eabi/10.3.1/../../../../arm-none-eabi/lib/thumb/v7e-m+fp/hard\libc_nano.a(lib_a-impure.o)
 .bss           0x0000000000000000        0x0 f:/softwares_installed/docnav/stm32_cubeide/stm32cubeide_1.10.1/stm32cubeide/plugins/com.st.stm32cube.ide.mcu.externaltools.gnu-tools-for-stm32.10.3-2021.10.win32_1.0.0.202111181127/tools/bin/../lib/gcc/arm-none-eabi/10.3.1/../../../../arm-none-eabi/lib/thumb/v7e-m+fp/hard\libc_nano.a(lib_a-impure.o)
 .data._impure_ptr
                0x0000000000000000        0x4 f:/softwares_installed/docnav/stm32_cubeide/stm32cubeide_1.10.1/stm32cubeide/plugins/com.st.stm32cube.ide.mcu.externaltools.gnu-tools-for-stm32.10.3-2021.10.win32_1.0.0.202111181127/tools/bin/../lib/gcc/arm-none-eabi/10.3.1/../../../../arm-none-eabi/lib/thumb/v7e-m+fp/hard\libc_nano.a(lib_a-impure.o)
 .data.impure_data
                0x0000000000000000       0x60 f:/softwares_installed/docnav/stm32_cubeide/stm32cubeide_1.10.1/stm32cubeide/plugins/com.st.stm32cube.ide.mcu.externaltools.gnu-tools-for-stm32.10.3-2021.10.win32_1.0.0.202111181127/tools/bin/../lib/gcc/arm-none-eabi/10.3.1/../../../../arm-none-eabi/lib/thumb/v7e-m+fp/hard\libc_nano.a(lib_a-impure.o)
 .rodata._global_impure_ptr
                0x0000000000000000        0x4 f:/softwares_installed/docnav/stm32_cubeide/stm32cubeide_1.10.1/stm32cubeide/plugins/com.st.stm32cube.ide.mcu.externaltools.gnu-tools-for-stm32.10.3-2021.10.win32_1.0.0.202111181127/tools/bin/../lib/gcc/arm-none-eabi/10.3.1/../../../../arm-none-eabi/lib/thumb/v7e-m+fp/hard\libc_nano.a(lib_a-impure.o)
 .ARM.attributes
                0x0000000000000000       0x34 f:/softwares_installed/docnav/stm32_cubeide/stm32cubeide_1.10.1/stm32cubeide/plugins/com.st.stm32cube.ide.mcu.externaltools.gnu-tools-for-stm32.10.3-2021.10.win32_1.0.0.202111181127/tools/bin/../lib/gcc/arm-none-eabi/10.3.1/../../../../arm-none-eabi/lib/thumb/v7e-m+fp/hard\libc_nano.a(lib_a-impure.o)
 .text          0x0000000000000000        0x0 f:/softwares_installed/docnav/stm32_cubeide/stm32cubeide_1.10.1/stm32cubeide/plugins/com.st.stm32cube.ide.mcu.externaltools.gnu-tools-for-stm32.10.3-2021.10.win32_1.0.0.202111181127/tools/bin/../lib/gcc/arm-none-eabi/10.3.1/../../../../arm-none-eabi/lib/thumb/v7e-m+fp/hard\libc_nano.a(lib_a-init.o)
 .data          0x0000000000000000        0x0 f:/softwares_installed/docnav/stm32_cubeide/stm32cubeide_1.10.1/stm32cubeide/plugins/com.st.stm32cube.ide.mcu.externaltools.gnu-tools-for-stm32.10.3-2021.10.win32_1.0.0.202111181127/tools/bin/../lib/gcc/arm-none-eabi/10.3.1/../../../../arm-none-eabi/lib/thumb/v7e-m+fp/hard\libc_nano.a(lib_a-init.o)
 .bss           0x0000000000000000        0x0 f:/softwares_installed/docnav/stm32_cubeide/stm32cubeide_1.10.1/stm32cubeide/plugins/com.st.stm32cube.ide.mcu.externaltools.gnu-tools-for-stm32.10.3-2021.10.win32_1.0.0.202111181127/tools/bin/../lib/gcc/arm-none-eabi/10.3.1/../../../../arm-none-eabi/lib/thumb/v7e-m+fp/hard\libc_nano.a(lib_a-init.o)
 .text          0x0000000000000000        0x0 f:/softwares_installed/docnav/stm32_cubeide/stm32cubeide_1.10.1/stm32cubeide/plugins/com.st.stm32cube.ide.mcu.externaltools.gnu-tools-for-stm32.10.3-2021.10.win32_1.0.0.202111181127/tools/bin/../lib/gcc/arm-none-eabi/10.3.1/../../../../arm-none-eabi/lib/thumb/v7e-m+fp/hard\libc_nano.a(lib_a-memset.o)
 .data          0x0000000000000000        0x0 f:/softwares_installed/docnav/stm32_cubeide/stm32cubeide_1.10.1/stm32cubeide/plugins/com.st.stm32cube.ide.mcu.externaltools.gnu-tools-for-stm32.10.3-2021.10.win32_1.0.0.202111181127/tools/bin/../lib/gcc/arm-none-eabi/10.3.1/../../../../arm-none-eabi/lib/thumb/v7e-m+fp/hard\libc_nano.a(lib_a-memset.o)
 .bss           0x0000000000000000        0x0 f:/softwares_installed/docnav/stm32_cubeide/stm32cubeide_1.10.1/stm32cubeide/plugins/com.st.stm32cube.ide.mcu.externaltools.gnu-tools-for-stm32.10.3-2021.10.win32_1.0.0.202111181127/tools/bin/../lib/gcc/arm-none-eabi/10.3.1/../../../../arm-none-eabi/lib/thumb/v7e-m+fp/hard\libc_nano.a(lib_a-memset.o)
 .text.memset   0x0000000000000000       0x10 f:/softwares_installed/docnav/stm32_cubeide/stm32cubeide_1.10.1/stm32cubeide/plugins/com.st.stm32cube.ide.mcu.externaltools.gnu-tools-for-stm32.10.3-2021.10.win32_1.0.0.202111181127/tools/bin/../lib/gcc/arm-none-eabi/10.3.1/../../../../arm-none-eabi/lib/thumb/v7e-m+fp/hard\libc_nano.a(lib_a-memset.o)
 .debug_frame   0x0000000000000000       0x20 f:/softwares_installed/docnav/stm32_cubeide/stm32cubeide_1.10.1/stm32cubeide/plugins/com.st.stm32cube.ide.mcu.externaltools.gnu-tools-for-stm32.10.3-2021.10.win32_1.0.0.202111181127/tools/bin/../lib/gcc/arm-none-eabi/10.3.1/../../../../arm-none-eabi/lib/thumb/v7e-m+fp/hard\libc_nano.a(lib_a-memset.o)
 .ARM.attributes
                0x0000000000000000       0x34 f:/softwares_installed/docnav/stm32_cubeide/stm32cubeide_1.10.1/stm32cubeide/plugins/com.st.stm32cube.ide.mcu.externaltools.gnu-tools-for-stm32.10.3-2021.10.win32_1.0.0.202111181127/tools/bin/../lib/gcc/arm-none-eabi/10.3.1/../../../../arm-none-eabi/lib/thumb/v7e-m+fp/hard\libc_nano.a(lib_a-memset.o)
 .data          0x0000000000000000        0x0 f:/softwares_installed/docnav/stm32_cubeide/stm32cubeide_1.10.1/stm32cubeide/plugins/com.st.stm32cube.ide.mcu.externaltools.gnu-tools-for-stm32.10.3-2021.10.win32_1.0.0.202111181127/tools/bin/../lib/gcc/arm-none-eabi/10.3.1/../../../../arm-none-eabi/lib/thumb/v7e-m+fp/hard\libc_nano.a(lib_a-strlen.o)
 .bss           0x0000000000000000        0x0 f:/softwares_installed/docnav/stm32_cubeide/stm32cubeide_1.10.1/stm32cubeide/plugins/com.st.stm32cube.ide.mcu.externaltools.gnu-tools-for-stm32.10.3-2021.10.win32_1.0.0.202111181127/tools/bin/../lib/gcc/arm-none-eabi/10.3.1/../../../../arm-none-eabi/lib/thumb/v7e-m+fp/hard\libc_nano.a(lib_a-strlen.o)
 .text          0x0000000000000000        0x0 f:/softwares_installed/docnav/stm32_cubeide/stm32cubeide_1.10.1/stm32cubeide/plugins/com.st.stm32cube.ide.mcu.externaltools.gnu-tools-for-stm32.10.3-2021.10.win32_1.0.0.202111181127/tools/bin/../lib/gcc/arm-none-eabi/10.3.1/thumb/v7e-m+fp/hard/crtend.o
 .data          0x0000000000000000        0x0 f:/softwares_installed/docnav/stm32_cubeide/stm32cubeide_1.10.1/stm32cubeide/plugins/com.st.stm32cube.ide.mcu.externaltools.gnu-tools-for-stm32.10.3-2021.10.win32_1.0.0.202111181127/tools/bin/../lib/gcc/arm-none-eabi/10.3.1/thumb/v7e-m+fp/hard/crtend.o
 .bss           0x0000000000000000        0x0 f:/softwares_installed/docnav/stm32_cubeide/stm32cubeide_1.10.1/stm32cubeide/plugins/com.st.stm32cube.ide.mcu.externaltools.gnu-tools-for-stm32.10.3-2021.10.win32_1.0.0.202111181127/tools/bin/../lib/gcc/arm-none-eabi/10.3.1/thumb/v7e-m+fp/hard/crtend.o
 .rodata        0x0000000000000000       0x24 f:/softwares_installed/docnav/stm32_cubeide/stm32cubeide_1.10.1/stm32cubeide/plugins/com.st.stm32cube.ide.mcu.externaltools.gnu-tools-for-stm32.10.3-2021.10.win32_1.0.0.202111181127/tools/bin/../lib/gcc/arm-none-eabi/10.3.1/thumb/v7e-m+fp/hard/crtend.o
 .eh_frame      0x0000000000000000        0x4 f:/softwares_installed/docnav/stm32_cubeide/stm32cubeide_1.10.1/stm32cubeide/plugins/com.st.stm32cube.ide.mcu.externaltools.gnu-tools-for-stm32.10.3-2021.10.win32_1.0.0.202111181127/tools/bin/../lib/gcc/arm-none-eabi/10.3.1/thumb/v7e-m+fp/hard/crtend.o
 .ARM.attributes
                0x0000000000000000       0x34 f:/softwares_installed/docnav/stm32_cubeide/stm32cubeide_1.10.1/stm32cubeide/plugins/com.st.stm32cube.ide.mcu.externaltools.gnu-tools-for-stm32.10.3-2021.10.win32_1.0.0.202111181127/tools/bin/../lib/gcc/arm-none-eabi/10.3.1/thumb/v7e-m+fp/hard/crtend.o
 .text          0x0000000000000000        0x0 f:/softwares_installed/docnav/stm32_cubeide/stm32cubeide_1.10.1/stm32cubeide/plugins/com.st.stm32cube.ide.mcu.externaltools.gnu-tools-for-stm32.10.3-2021.10.win32_1.0.0.202111181127/tools/bin/../lib/gcc/arm-none-eabi/10.3.1/thumb/v7e-m+fp/hard/crtn.o
 .data          0x0000000000000000        0x0 f:/softwares_installed/docnav/stm32_cubeide/stm32cubeide_1.10.1/stm32cubeide/plugins/com.st.stm32cube.ide.mcu.externaltools.gnu-tools-for-stm32.10.3-2021.10.win32_1.0.0.202111181127/tools/bin/../lib/gcc/arm-none-eabi/10.3.1/thumb/v7e-m+fp/hard/crtn.o
 .bss           0x0000000000000000        0x0 f:/softwares_installed/docnav/stm32_cubeide/stm32cubeide_1.10.1/stm32cubeide/plugins/com.st.stm32cube.ide.mcu.externaltools.gnu-tools-for-stm32.10.3-2021.10.win32_1.0.0.202111181127/tools/bin/../lib/gcc/arm-none-eabi/10.3.1/thumb/v7e-m+fp/hard/crtn.o

Memory Configuration

Name             Origin             Length             Attributes
CCMRAM           0x0000000010000000 0x0000000000010000 xrw
RAM              0x0000000020000000 0x0000000000020000 xrw
FLASH            0x0000000008000000 0x0000000000080000 xr
*default*        0x0000000000000000 0xffffffffffffffff

Linker script and memory map

LOAD f:/softwares_installed/docnav/stm32_cubeide/stm32cubeide_1.10.1/stm32cubeide/plugins/com.st.stm32cube.ide.mcu.externaltools.gnu-tools-for-stm32.10.3-2021.10.win32_1.0.0.202111181127/tools/bin/../lib/gcc/arm-none-eabi/10.3.1/thumb/v7e-m+fp/hard/crti.o
LOAD f:/softwares_installed/docnav/stm32_cubeide/stm32cubeide_1.10.1/stm32cubeide/plugins/com.st.stm32cube.ide.mcu.externaltools.gnu-tools-for-stm32.10.3-2021.10.win32_1.0.0.202111181127/tools/bin/../lib/gcc/arm-none-eabi/10.3.1/thumb/v7e-m+fp/hard/crtbegin.o
LOAD f:/softwares_installed/docnav/stm32_cubeide/stm32cubeide_1.10.1/stm32cubeide/plugins/com.st.stm32cube.ide.mcu.externaltools.gnu-tools-for-stm32.10.3-2021.10.win32_1.0.0.202111181127/tools/bin/../lib/gcc/arm-none-eabi/10.3.1/../../../../arm-none-eabi/lib/thumb/v7e-m+fp/hard/crt0.o
LOAD ./Drivers/Src/stm32f407xx_gpio_drv.o
LOAD ./Drivers/Src/stm32f407xx_spi_driver.o
LOAD ./Src/004_SPI_ArduinoTx.o
LOAD ./Src/syscalls.o
LOAD ./Src/sysmem.o
LOAD ./Startup/startup_stm32f407vetx.o
START GROUP
LOAD f:/softwares_installed/docnav/stm32_cubeide/stm32cubeide_1.10.1/stm32cubeide/plugins/com.st.stm32cube.ide.mcu.externaltools.gnu-tools-for-stm32.10.3-2021.10.win32_1.0.0.202111181127/tools/bin/../lib/gcc/arm-none-eabi/10.3.1/../../../../arm-none-eabi/lib/thumb/v7e-m+fp/hard\libc_nano.a
LOAD f:/softwares_installed/docnav/stm32_cubeide/stm32cubeide_1.10.1/stm32cubeide/plugins/com.st.stm32cube.ide.mcu.externaltools.gnu-tools-for-stm32.10.3-2021.10.win32_1.0.0.202111181127/tools/bin/../lib/gcc/arm-none-eabi/10.3.1/../../../../arm-none-eabi/lib/thumb/v7e-m+fp/hard\libm.a
END GROUP
START GROUP
LOAD f:/softwares_installed/docnav/stm32_cubeide/stm32cubeide_1.10.1/stm32cubeide/plugins/com.st.stm32cube.ide.mcu.externaltools.gnu-tools-for-stm32.10.3-2021.10.win32_1.0.0.202111181127/tools/bin/../lib/gcc/arm-none-eabi/10.3.1/thumb/v7e-m+fp/hard\libgcc.a
LOAD f:/softwares_installed/docnav/stm32_cubeide/stm32cubeide_1.10.1/stm32cubeide/plugins/com.st.stm32cube.ide.mcu.externaltools.gnu-tools-for-stm32.10.3-2021.10.win32_1.0.0.202111181127/tools/bin/../lib/gcc/arm-none-eabi/10.3.1/../../../../arm-none-eabi/lib/thumb/v7e-m+fp/hard\libc_nano.a
END GROUP
START GROUP
LOAD f:/softwares_installed/docnav/stm32_cubeide/stm32cubeide_1.10.1/stm32cubeide/plugins/com.st.stm32cube.ide.mcu.externaltools.gnu-tools-for-stm32.10.3-2021.10.win32_1.0.0.202111181127/tools/bin/../lib/gcc/arm-none-eabi/10.3.1/thumb/v7e-m+fp/hard\libgcc.a
LOAD f:/softwares_installed/docnav/stm32_cubeide/stm32cubeide_1.10.1/stm32cubeide/plugins/com.st.stm32cube.ide.mcu.externaltools.gnu-tools-for-stm32.10.3-2021.10.win32_1.0.0.202111181127/tools/bin/../lib/gcc/arm-none-eabi/10.3.1/../../../../arm-none-eabi/lib/thumb/v7e-m+fp/hard\libc_nano.a
LOAD f:/softwares_installed/docnav/stm32_cubeide/stm32cubeide_1.10.1/stm32cubeide/plugins/com.st.stm32cube.ide.mcu.externaltools.gnu-tools-for-stm32.10.3-2021.10.win32_1.0.0.202111181127/tools/bin/../lib/gcc/arm-none-eabi/10.3.1/../../../../arm-none-eabi/lib/thumb/v7e-m+fp/hard\libnosys.a
END GROUP
START GROUP
LOAD f:/softwares_installed/docnav/stm32_cubeide/stm32cubeide_1.10.1/stm32cubeide/plugins/com.st.stm32cube.ide.mcu.externaltools.gnu-tools-for-stm32.10.3-2021.10.win32_1.0.0.202111181127/tools/bin/../lib/gcc/arm-none-eabi/10.3.1/thumb/v7e-m+fp/hard\libgcc.a
LOAD f:/softwares_installed/docnav/stm32_cubeide/stm32cubeide_1.10.1/stm32cubeide/plugins/com.st.stm32cube.ide.mcu.externaltools.gnu-tools-for-stm32.10.3-2021.10.win32_1.0.0.202111181127/tools/bin/../lib/gcc/arm-none-eabi/10.3.1/../../../../arm-none-eabi/lib/thumb/v7e-m+fp/hard\libc_nano.a
LOAD f:/softwares_installed/docnav/stm32_cubeide/stm32cubeide_1.10.1/stm32cubeide/plugins/com.st.stm32cube.ide.mcu.externaltools.gnu-tools-for-stm32.10.3-2021.10.win32_1.0.0.202111181127/tools/bin/../lib/gcc/arm-none-eabi/10.3.1/../../../../arm-none-eabi/lib/thumb/v7e-m+fp/hard\libnosys.a
END GROUP
LOAD f:/softwares_installed/docnav/stm32_cubeide/stm32cubeide_1.10.1/stm32cubeide/plugins/com.st.stm32cube.ide.mcu.externaltools.gnu-tools-for-stm32.10.3-2021.10.win32_1.0.0.202111181127/tools/bin/../lib/gcc/arm-none-eabi/10.3.1/thumb/v7e-m+fp/hard/crtend.o
LOAD f:/softwares_installed/docnav/stm32_cubeide/stm32cubeide_1.10.1/stm32cubeide/plugins/com.st.stm32cube.ide.mcu.externaltools.gnu-tools-for-stm32.10.3-2021.10.win32_1.0.0.202111181127/tools/bin/../lib/gcc/arm-none-eabi/10.3.1/thumb/v7e-m+fp/hard/crtn.o
                0x0000000020020000                _estack = (ORIGIN (RAM) + LENGTH (RAM))
                0x0000000000000200                _Min_Heap_Size = 0x200
                0x0000000000000400                _Min_Stack_Size = 0x400

.isr_vector     0x0000000008000000      0x1a8
                0x0000000008000000                . = ALIGN (0x4)
 *(.isr_vector)
 .isr_vector    0x0000000008000000      0x1a8 ./Startup/startup_stm32f407vetx.o
                0x0000000008000000                g_pfnVectors
                0x00000000080001a8                . = ALIGN (0x4)

.text           0x00000000080001a8      0xbdc
                0x00000000080001a8                . = ALIGN (0x4)
 *(.text)
 .text          0x00000000080001a8       0x40 f:/softwares_installed/docnav/stm32_cubeide/stm32cubeide_1.10.1/stm32cubeide/plugins/com.st.stm32cube.ide.mcu.externaltools.gnu-tools-for-stm32.10.3-2021.10.win32_1.0.0.202111181127/tools/bin/../lib/gcc/arm-none-eabi/10.3.1/thumb/v7e-m+fp/hard/crtbegin.o
 .text          0x00000000080001e8       0x10 f:/softwares_installed/docnav/stm32_cubeide/stm32cubeide_1.10.1/stm32cubeide/plugins/com.st.stm32cube.ide.mcu.externaltools.gnu-tools-for-stm32.10.3-2021.10.win32_1.0.0.202111181127/tools/bin/../lib/gcc/arm-none-eabi/10.3.1/../../../../arm-none-eabi/lib/thumb/v7e-m+fp/hard\libc_nano.a(lib_a-strlen.o)
                0x00000000080001e8                strlen
 *(.text*)
 .text.GPIO_PCLK_Ctrl
                0x00000000080001f8      0x1d8 ./Drivers/Src/stm32f407xx_gpio_drv.o
                0x00000000080001f8                GPIO_PCLK_Ctrl
 .text.GPIO_Init
                0x00000000080003d0      0x314 ./Drivers/Src/stm32f407xx_gpio_drv.o
                0x00000000080003d0                GPIO_Init
 .text.GPIO_IPinRead
                0x00000000080006e4       0x2c ./Drivers/Src/stm32f407xx_gpio_drv.o
                0x00000000080006e4                GPIO_IPinRead
 .text.GPIO_OPinWrite
                0x0000000008000710       0x50 ./Drivers/Src/stm32f407xx_gpio_drv.o
                0x0000000008000710                GPIO_OPinWrite
 .text.Port_ConfigCode
                0x0000000008000760       0xa8 ./Drivers/Src/stm32f407xx_gpio_drv.o
                0x0000000008000760                Port_ConfigCode
 .text.SPI_PCLK_Ctrl
                0x0000000008000808       0xb8 ./Drivers/Src/stm32f407xx_spi_driver.o
                0x0000000008000808                SPI_PCLK_Ctrl
 .text.SPI_Init
                0x00000000080008c0      0x12a ./Drivers/Src/stm32f407xx_spi_driver.o
                0x00000000080008c0                SPI_Init
 .text.SPI_TxDataB
                0x00000000080009ea       0x68 ./Drivers/Src/stm32f407xx_spi_driver.o
                0x00000000080009ea                SPI_TxDataB
 .text.SPI_EN   0x0000000008000a52       0x36 ./Drivers/Src/stm32f407xx_spi_driver.o
                0x0000000008000a52                SPI_EN
 .text.SPI_SSOEConfig
                0x0000000008000a88       0x3e ./Drivers/Src/stm32f407xx_spi_driver.o
                0x0000000008000a88                SPI_SSOEConfig
 .text.FlagStatus
                0x0000000008000ac6       0x28 ./Drivers/Src/stm32f407xx_spi_driver.o
                0x0000000008000ac6                FlagStatus
 *fill*         0x0000000008000aee        0x2 
 .text.delay    0x0000000008000af0       0x2c ./Src/004_SPI_ArduinoTx.o
                0x0000000008000af0                delay
 .text.GPIO_Config
                0x0000000008000b1c       0xb0 ./Src/004_SPI_ArduinoTx.o
                0x0000000008000b1c                GPIO_Config
 .text.SPI_Config
                0x0000000008000bcc       0x44 ./Src/004_SPI_ArduinoTx.o
                0x0000000008000bcc                SPI_Config
 .text.main     0x0000000008000c10       0xc0 ./Src/004_SPI_ArduinoTx.o
                0x0000000008000c10                main
 .text.Reset_Handler
                0x0000000008000cd0       0x50 ./Startup/startup_stm32f407vetx.o
                0x0000000008000cd0                Reset_Handler
 .text.Default_Handler
                0x0000000008000d20        0x2 ./Startup/startup_stm32f407vetx.o
                0x0000000008000d20                RTC_Alarm_IRQHandler
                0x0000000008000d20                HASH_RNG_IRQHandler
                0x0000000008000d20                EXTI2_IRQHandler
                0x0000000008000d20                TIM8_CC_IRQHandler
                0x0000000008000d20                DebugMon_Handler
                0x0000000008000d20                TIM1_CC_IRQHandler
                0x0000000008000d20                DMA2_Stream5_IRQHandler
                0x0000000008000d20                HardFault_Handler
                0x0000000008000d20                DMA1_Stream5_IRQHandler
                0x0000000008000d20                SysTick_Handler
                0x0000000008000d20                PVD_IRQHandler
                0x0000000008000d20                SDIO_IRQHandler
                0x0000000008000d20                TAMP_STAMP_IRQHandler
                0x0000000008000d20                PendSV_Handler
                0x0000000008000d20                NMI_Handler
                0x0000000008000d20                CAN2_RX1_IRQHandler
                0x0000000008000d20                EXTI3_IRQHandler
                0x0000000008000d20                TIM8_TRG_COM_TIM14_IRQHandler
                0x0000000008000d20                TIM1_UP_TIM10_IRQHandler
                0x0000000008000d20                TIM8_UP_TIM13_IRQHandler
                0x0000000008000d20                I2C3_ER_IRQHandler
                0x0000000008000d20                LCD_TFT_IRQHandler
                0x0000000008000d20                EXTI0_IRQHandler
                0x0000000008000d20                I2C2_EV_IRQHandler
                0x0000000008000d20                DMA1_Stream2_IRQHandler
                0x0000000008000d20                CAN1_RX0_IRQHandler
                0x0000000008000d20                FPU_IRQHandler
                0x0000000008000d20                OTG_HS_WKUP_IRQHandler
                0x0000000008000d20                UsageFault_Handler
                0x0000000008000d20                CAN2_SCE_IRQHandler
                0x0000000008000d20                DMA2_Stream2_IRQHandler
                0x0000000008000d20                SPI1_IRQHandler
                0x0000000008000d20                TIM6_DAC_IRQHandler
                0x0000000008000d20                TIM1_BRK_TIM9_IRQHandler
                0x0000000008000d20                DCMI_IRQHandler
                0x0000000008000d20                CAN2_RX0_IRQHandler
                0x0000000008000d20                DMA2_Stream3_IRQHandler
                0x0000000008000d20                USART6_IRQHandler
                0x0000000008000d20                USART3_IRQHandler
                0x0000000008000d20                CRYP_IRQHandler
                0x0000000008000d20                CAN1_RX1_IRQHandler
                0x0000000008000d20                UART5_IRQHandler
                0x0000000008000d20                DMA2_Stream0_IRQHandler
                0x0000000008000d20                TIM4_IRQHandler
                0x0000000008000d20                I2C1_EV_IRQHandler
                0x0000000008000d20                DMA1_Stream6_IRQHandler
                0x0000000008000d20                DMA1_Stream1_IRQHandler
                0x0000000008000d20                UART4_IRQHandler
                0x0000000008000d20                LCD_TFT_1_IRQHandler
                0x0000000008000d20                TIM3_IRQHandler
                0x0000000008000d20                RCC_IRQHandler
                0x0000000008000d20                TIM8_BRK_TIM12_IRQHandler
                0x0000000008000d20                Default_Handler
                0x0000000008000d20                EXTI15_10_IRQHandler
                0x0000000008000d20                ADC_IRQHandler
                0x0000000008000d20                DMA1_Stream7_IRQHandler
                0x0000000008000d20                TIM7_IRQHandler
                0x0000000008000d20                CAN2_TX_IRQHandler
                0x0000000008000d20                TIM5_IRQHandler
                0x0000000008000d20                DMA2_Stream7_IRQHandler
                0x0000000008000d20                I2C3_EV_IRQHandler
                0x0000000008000d20                EXTI9_5_IRQHandler
                0x0000000008000d20                RTC_WKUP_IRQHandler
                0x0000000008000d20                ETH_WKUP_IRQHandler
                0x0000000008000d20                SPI2_IRQHandler
                0x0000000008000d20                OTG_HS_EP1_IN_IRQHandler
                0x0000000008000d20                MemManage_Handler
                0x0000000008000d20                DMA1_Stream0_IRQHandler
                0x0000000008000d20                CAN1_TX_IRQHandler
                0x0000000008000d20                SVC_Handler
                0x0000000008000d20                EXTI4_IRQHandler
                0x0000000008000d20                FSMC_IRQHandler
                0x0000000008000d20                ETH_IRQHandler
                0x0000000008000d20                OTG_HS_EP1_OUT_IRQHandler
                0x0000000008000d20                WWDG_IRQHandler
                0x0000000008000d20                TIM2_IRQHandler
                0x0000000008000d20                OTG_FS_WKUP_IRQHandler
                0x0000000008000d20                TIM1_TRG_COM_TIM11_IRQHandler
                0x0000000008000d20                OTG_HS_IRQHandler
                0x0000000008000d20                EXTI1_IRQHandler
                0x0000000008000d20                USART2_IRQHandler
                0x0000000008000d20                I2C2_ER_IRQHandler
                0x0000000008000d20                DMA2_Stream1_IRQHandler
                0x0000000008000d20                CAN1_SCE_IRQHandler
                0x0000000008000d20                DMA2_Stream4_IRQHandler
                0x0000000008000d20                BusFault_Handler
                0x0000000008000d20                USART1_IRQHandler
                0x0000000008000d20                OTG_FS_IRQHandler
                0x0000000008000d20                SPI3_IRQHandler
                0x0000000008000d20                DMA1_Stream4_IRQHandler
                0x0000000008000d20                I2C1_ER_IRQHandler
                0x0000000008000d20                DMA2_Stream6_IRQHandler
                0x0000000008000d20                DMA1_Stream3_IRQHandler
 *fill*         0x0000000008000d22        0x2 
 .text.__libc_init_array
                0x0000000008000d24       0x48 f:/softwares_installed/docnav/stm32_cubeide/stm32cubeide_1.10.1/stm32cubeide/plugins/com.st.stm32cube.ide.mcu.externaltools.gnu-tools-for-stm32.10.3-2021.10.win32_1.0.0.202111181127/tools/bin/../lib/gcc/arm-none-eabi/10.3.1/../../../../arm-none-eabi/lib/thumb/v7e-m+fp/hard\libc_nano.a(lib_a-init.o)
                0x0000000008000d24                __libc_init_array
 *(.glue_7)
 .glue_7        0x0000000008000d6c        0x0 linker stubs
 *(.glue_7t)
 .glue_7t       0x0000000008000d6c        0x0 linker stubs
 *(.eh_frame)
 .eh_frame      0x0000000008000d6c        0x0 f:/softwares_installed/docnav/stm32_cubeide/stm32cubeide_1.10.1/stm32cubeide/plugins/com.st.stm32cube.ide.mcu.externaltools.gnu-tools-for-stm32.10.3-2021.10.win32_1.0.0.202111181127/tools/bin/../lib/gcc/arm-none-eabi/10.3.1/thumb/v7e-m+fp/hard/crtbegin.o
 *(.init)
 .init          0x0000000008000d6c        0x4 f:/softwares_installed/docnav/stm32_cubeide/stm32cubeide_1.10.1/stm32cubeide/plugins/com.st.stm32cube.ide.mcu.externaltools.gnu-tools-for-stm32.10.3-2021.10.win32_1.0.0.202111181127/tools/bin/../lib/gcc/arm-none-eabi/10.3.1/thumb/v7e-m+fp/hard/crti.o
                0x0000000008000d6c                _init
 .init          0x0000000008000d70        0x8 f:/softwares_installed/docnav/stm32_cubeide/stm32cubeide_1.10.1/stm32cubeide/plugins/com.st.stm32cube.ide.mcu.externaltools.gnu-tools-for-stm32.10.3-2021.10.win32_1.0.0.202111181127/tools/bin/../lib/gcc/arm-none-eabi/10.3.1/thumb/v7e-m+fp/hard/crtn.o
 *(.fini)
 .fini          0x0000000008000d78        0x4 f:/softwares_installed/docnav/stm32_cubeide/stm32cubeide_1.10.1/stm32cubeide/plugins/com.st.stm32cube.ide.mcu.externaltools.gnu-tools-for-stm32.10.3-2021.10.win32_1.0.0.202111181127/tools/bin/../lib/gcc/arm-none-eabi/10.3.1/thumb/v7e-m+fp/hard/crti.o
                0x0000000008000d78                _fini
 .fini          0x0000000008000d7c        0x8 f:/softwares_installed/docnav/stm32_cubeide/stm32cubeide_1.10.1/stm32cubeide/plugins/com.st.stm32cube.ide.mcu.externaltools.gnu-tools-for-stm32.10.3-2021.10.win32_1.0.0.202111181127/tools/bin/../lib/gcc/arm-none-eabi/10.3.1/thumb/v7e-m+fp/hard/crtn.o
                0x0000000008000d84                . = ALIGN (0x4)
                0x0000000008000d84                _etext = .

.vfp11_veneer   0x0000000008000d84        0x0
 .vfp11_veneer  0x0000000008000d84        0x0 linker stubs

.v4_bx          0x0000000008000d84        0x0
 .v4_bx         0x0000000008000d84        0x0 linker stubs

.iplt           0x0000000008000d84        0x0
 .iplt          0x0000000008000d84        0x0 f:/softwares_installed/docnav/stm32_cubeide/stm32cubeide_1.10.1/stm32cubeide/plugins/com.st.stm32cube.ide.mcu.externaltools.gnu-tools-for-stm32.10.3-2021.10.win32_1.0.0.202111181127/tools/bin/../lib/gcc/arm-none-eabi/10.3.1/thumb/v7e-m+fp/hard/crtbegin.o

.rodata         0x0000000008000d84       0x40
                0x0000000008000d84                . = ALIGN (0x4)
 *(.rodata)
 .rodata        0x0000000008000d84       0x3d ./Src/004_SPI_ArduinoTx.o
 *(.rodata*)
                0x0000000008000dc4                . = ALIGN (0x4)
 *fill*         0x0000000008000dc1        0x3 

.rel.dyn        0x0000000008000dc4        0x0
 .rel.iplt      0x0000000008000dc4        0x0 f:/softwares_installed/docnav/stm32_cubeide/stm32cubeide_1.10.1/stm32cubeide/plugins/com.st.stm32cube.ide.mcu.externaltools.gnu-tools-for-stm32.10.3-2021.10.win32_1.0.0.202111181127/tools/bin/../lib/gcc/arm-none-eabi/10.3.1/thumb/v7e-m+fp/hard/crtbegin.o

.ARM.extab      0x0000000008000dc4        0x0
                0x0000000008000dc4                . = ALIGN (0x4)
 *(.ARM.extab* .gnu.linkonce.armextab.*)
                0x0000000008000dc4                . = ALIGN (0x4)

.ARM            0x0000000008000dc4        0x0
                0x0000000008000dc4                . = ALIGN (0x4)
                0x0000000008000dc4                __exidx_start = .
 *(.ARM.exidx*)
                0x0000000008000dc4                __exidx_end = .
                0x0000000008000dc4                . = ALIGN (0x4)

.preinit_array  0x0000000008000dc4        0x0
                0x0000000008000dc4                . = ALIGN (0x4)
                0x0000000008000dc4                PROVIDE (__preinit_array_start = .)
 *(.preinit_array*)
                0x0000000008000dc4                PROVIDE (__preinit_array_end = .)
                0x0000000008000dc4                . = ALIGN (0x4)

.init_array     0x0000000008000dc4        0x4
                0x0000000008000dc4                . = ALIGN (0x4)
                0x0000000008000dc4                PROVIDE (__init_array_start = .)
 *(SORT_BY_NAME(.init_array.*))
 *(.init_array*)
 .init_array    0x0000000008000dc4        0x4 f:/softwares_installed/docnav/stm32_cubeide/stm32cubeide_1.10.1/stm32cubeide/plugins/com.st.stm32cube.ide.mcu.externaltools.gnu-tools-for-stm32.10.3-2021.10.win32_1.0.0.202111181127/tools/bin/../lib/gcc/arm-none-eabi/10.3.1/thumb/v7e-m+fp/hard/crtbegin.o
                0x0000000008000dc8                PROVIDE (__init_array_end = .)
                0x0000000008000dc8                . = ALIGN (0x4)

.fini_array     0x0000000008000dc8        0x4
                0x0000000008000dc8                . = ALIGN (0x4)
                [!provide]                        PROVIDE (__fini_array_start = .)
 *(SORT_BY_NAME(.fini_array.*))
 *(.fini_array*)
 .fini_array    0x0000000008000dc8        0x4 f:/softwares_installed/docnav/stm32_cubeide/stm32cubeide_1.10.1/stm32cubeide/plugins/com.st.stm32cube.ide.mcu.externaltools.gnu-tools-for-stm32.10.3-2021.10.win32_1.0.0.202111181127/tools/bin/../lib/gcc/arm-none-eabi/10.3.1/thumb/v7e-m+fp/hard/crtbegin.o
                [!provide]                        PROVIDE (__fini_array_end = .)
                0x0000000008000dcc                . = ALIGN (0x4)
                0x0000000008000dcc                _sidata = LOADADDR (.data)

.data           0x0000000020000000        0x0 load address 0x0000000008000dcc
                0x0000000020000000                . = ALIGN (0x4)
                0x0000000020000000                _sdata = .
 *(.data)
 *(.data*)
 *(.RamFunc)
 *(.RamFunc*)
                0x0000000020000000                . = ALIGN (0x4)
                0x0000000020000000                _edata = .
                0x0000000008000dcc                _siccmram = LOADADDR (.ccmram)

.igot.plt       0x0000000020000000        0x0 load address 0x0000000008000dcc
 .igot.plt      0x0000000020000000        0x0 f:/softwares_installed/docnav/stm32_cubeide/stm32cubeide_1.10.1/stm32cubeide/plugins/com.st.stm32cube.ide.mcu.externaltools.gnu-tools-for-stm32.10.3-2021.10.win32_1.0.0.202111181127/tools/bin/../lib/gcc/arm-none-eabi/10.3.1/thumb/v7e-m+fp/hard/crtbegin.o

.ccmram         0x0000000010000000        0x0 load address 0x0000000008000dcc
                0x0000000010000000                . = ALIGN (0x4)
                0x0000000010000000                _sccmram = .
 *(.ccmram)
 *(.ccmram*)
                0x0000000010000000                . = ALIGN (0x4)
                0x0000000010000000                _eccmram = .
                0x0000000010000000                . = ALIGN (0x4)

.bss            0x0000000020000000       0x1c
                0x0000000020000000                _sbss = .
                0x0000000020000000                __bss_start__ = _sbss
 *(.bss)
 .bss           0x0000000020000000       0x1c f:/softwares_installed/docnav/stm32_cubeide/stm32cubeide_1.10.1/stm32cubeide/plugins/com.st.stm32cube.ide.mcu.externaltools.gnu-tools-for-stm32.10.3-2021.10.win32_1.0.0.202111181127/tools/bin/../lib/gcc/arm-none-eabi/10.3.1/thumb/v7e-m+fp/hard/crtbegin.o
 *(.bss*)
 *(COMMON)
                0x000000002000001c                . = ALIGN (0x4)
                0x000000002000001c                _ebss = .
                0x000000002000001c                __bss_end__ = _ebss

._user_heap_stack
                0x000000002000001c      0x604
                0x0000000020000020                . = ALIGN (0x8)
 *fill*         0x000000002000001c        0x4 
                [!provide]                        PROVIDE (end = .)
                0x0000000020000020                PROVIDE (_end = .)
                0x0000000020000220                . = (. + _Min_Heap_Size)
 *fill*         0x0000000020000020      0x200 
                0x0000000020000620                . = (. + _Min_Stack_Size)
 *fill*         0x0000000020000220      0x400 
                0x0000000020000620                . = ALIGN (0x8)

/DISCARD/
 libc.a(*)
 libm.a(*)
 libgcc.a(*)

.ARM.attributes
                0x0000000000000000       0x30
 *(.ARM.attributes)
 .ARM.attributes
                0x0000000000000000       0x1e f:/softwares_installed/docnav/stm32_cubeide/stm32cubeide_1.10.1/stm32cubeide/plugins/com.st.stm32cube.ide.mcu.externaltools.gnu-tools-for-stm32.10.3-2021.10.win32_1.0.0.202111181127/tools/bin/../lib/gcc/arm-none-eabi/10.3.1/thumb/v7e-m+fp/hard/crti.o
 .ARM.attributes
                0x000000000000001e       0x34 f:/softwares_installed/docnav/stm32_cubeide/stm32cubeide_1.10.1/stm32cubeide/plugins/com.st.stm32cube.ide.mcu.externaltools.gnu-tools-for-stm32.10.3-2021.10.win32_1.0.0.202111181127/tools/bin/../lib/gcc/arm-none-eabi/10.3.1/thumb/v7e-m+fp/hard/crtbegin.o
 .ARM.attributes
                0x0000000000000052       0x34 ./Drivers/Src/stm32f407xx_gpio_drv.o
 .ARM.attributes
                0x0000000000000086       0x34 ./Drivers/Src/stm32f407xx_spi_driver.o
 .ARM.attributes
                0x00000000000000ba       0x34 ./Src/004_SPI_ArduinoTx.o
 .ARM.attributes
                0x00000000000000ee       0x21 ./Startup/startup_stm32f407vetx.o
 .ARM.attributes
                0x000000000000010f       0x34 f:/softwares_installed/docnav/stm32_cubeide/stm32cubeide_1.10.1/stm32cubeide/plugins/com.st.stm32cube.ide.mcu.externaltools.gnu-tools-for-stm32.10.3-2021.10.win32_1.0.0.202111181127/tools/bin/../lib/gcc/arm-none-eabi/10.3.1/../../../../arm-none-eabi/lib/thumb/v7e-m+fp/hard\libc_nano.a(lib_a-init.o)
 .ARM.attributes
                0x0000000000000143       0x17 f:/softwares_installed/docnav/stm32_cubeide/stm32cubeide_1.10.1/stm32cubeide/plugins/com.st.stm32cube.ide.mcu.externaltools.gnu-tools-for-stm32.10.3-2021.10.win32_1.0.0.202111181127/tools/bin/../lib/gcc/arm-none-eabi/10.3.1/../../../../arm-none-eabi/lib/thumb/v7e-m+fp/hard\libc_nano.a(lib_a-strlen.o)
 .ARM.attributes
                0x000000000000015a       0x1e f:/softwares_installed/docnav/stm32_cubeide/stm32cubeide_1.10.1/stm32cubeide/plugins/com.st.stm32cube.ide.mcu.externaltools.gnu-tools-for-stm32.10.3-2021.10.win32_1.0.0.202111181127/tools/bin/../lib/gcc/arm-none-eabi/10.3.1/thumb/v7e-m+fp/hard/crtn.o
OUTPUT(stm32f4xx_drivers.elf elf32-littlearm)
LOAD linker stubs
LOAD f:/softwares_installed/docnav/stm32_cubeide/stm32cubeide_1.10.1/stm32cubeide/plugins/com.st.stm32cube.ide.mcu.externaltools.gnu-tools-for-stm32.10.3-2021.10.win32_1.0.0.202111181127/tools/bin/../lib/gcc/arm-none-eabi/10.3.1/../../../../arm-none-eabi/lib/thumb/v7e-m+fp/hard\libc.a
LOAD f:/softwares_installed/docnav/stm32_cubeide/stm32cubeide_1.10.1/stm32cubeide/plugins/com.st.stm32cube.ide.mcu.externaltools.gnu-tools-for-stm32.10.3-2021.10.win32_1.0.0.202111181127/tools/bin/../lib/gcc/arm-none-eabi/10.3.1/../../../../arm-none-eabi/lib/thumb/v7e-m+fp/hard\libm.a
LOAD f:/softwares_installed/docnav/stm32_cubeide/stm32cubeide_1.10.1/stm32cubeide/plugins/com.st.stm32cube.ide.mcu.externaltools.gnu-tools-for-stm32.10.3-2021.10.win32_1.0.0.202111181127/tools/bin/../lib/gcc/arm-none-eabi/10.3.1/thumb/v7e-m+fp/hard\libgcc.a

.debug_info     0x0000000000000000     0x11cd
 .debug_info    0x0000000000000000      0x725 ./Drivers/Src/stm32f407xx_gpio_drv.o
 .debug_info    0x0000000000000725      0x570 ./Drivers/Src/stm32f407xx_spi_driver.o
 .debug_info    0x0000000000000c95      0x516 ./Src/004_SPI_ArduinoTx.o
 .debug_info    0x00000000000011ab       0x22 ./Startup/startup_stm32f407vetx.o

.debug_abbrev   0x0000000000000000      0x40e
 .debug_abbrev  0x0000000000000000      0x186 ./Drivers/Src/stm32f407xx_gpio_drv.o
 .debug_abbrev  0x0000000000000186      0x132 ./Drivers/Src/stm32f407xx_spi_driver.o
 .debug_abbrev  0x00000000000002b8      0x144 ./Src/004_SPI_ArduinoTx.o
 .debug_abbrev  0x00000000000003fc       0x12 ./Startup/startup_stm32f407vetx.o

.debug_aranges  0x0000000000000000      0x128
 .debug_aranges
                0x0000000000000000       0x70 ./Drivers/Src/stm32f407xx_gpio_drv.o
 .debug_aranges
                0x0000000000000070       0x58 ./Drivers/Src/stm32f407xx_spi_driver.o
 .debug_aranges
                0x00000000000000c8       0x38 ./Src/004_SPI_ArduinoTx.o
 .debug_aranges
                0x0000000000000100       0x28 ./Startup/startup_stm32f407vetx.o

.debug_ranges   0x0000000000000000       0xf0
 .debug_ranges  0x0000000000000000       0x60 ./Drivers/Src/stm32f407xx_gpio_drv.o
 .debug_ranges  0x0000000000000060       0x48 ./Drivers/Src/stm32f407xx_spi_driver.o
 .debug_ranges  0x00000000000000a8       0x28 ./Src/004_SPI_ArduinoTx.o
 .debug_ranges  0x00000000000000d0       0x20 ./Startup/startup_stm32f407vetx.o

.debug_macro    0x0000000000000000     0x2106
 .debug_macro   0x0000000000000000      0x187 ./Drivers/Src/stm32f407xx_gpio_drv.o
 .debug_macro   0x0000000000000187      0xa7e ./Drivers/Src/stm32f407xx_gpio_drv.o
 .debug_macro   0x0000000000000c05       0x22 ./Drivers/Src/stm32f407xx_gpio_drv.o
 .debug_macro   0x0000000000000c27       0x8e ./Drivers/Src/stm32f407xx_gpio_drv.o
 .debug_macro   0x0000000000000cb5       0x51 ./Drivers/Src/stm32f407xx_gpio_drv.o
 .debug_macro   0x0000000000000d06      0x103 ./Drivers/Src/stm32f407xx_gpio_drv.o
 .debug_macro   0x0000000000000e09       0x6a ./Drivers/Src/stm32f407xx_gpio_drv.o
 .debug_macro   0x0000000000000e73      0x1df ./Drivers/Src/stm32f407xx_gpio_drv.o
 .debug_macro   0x0000000000001052      0x174 ./Drivers/Src/stm32f407xx_gpio_drv.o
 .debug_macro   0x00000000000011c6      0x2f6 ./Drivers/Src/stm32f407xx_gpio_drv.o
 .debug_macro   0x00000000000014bc       0xfa ./Drivers/Src/stm32f407xx_gpio_drv.o
 .debug_macro   0x00000000000015b6       0x52 ./Drivers/Src/stm32f407xx_gpio_drv.o
 .debug_macro   0x0000000000001608       0x1e ./Drivers/Src/stm32f407xx_gpio_drv.o
 .debug_macro   0x0000000000001626       0x3c ./Drivers/Src/stm32f407xx_gpio_drv.o
 .debug_macro   0x0000000000001662       0x34 ./Drivers/Src/stm32f407xx_gpio_drv.o
 .debug_macro   0x0000000000001696       0x16 ./Drivers/Src/stm32f407xx_gpio_drv.o
 .debug_macro   0x00000000000016ac       0x43 ./Drivers/Src/stm32f407xx_gpio_drv.o
 .debug_macro   0x00000000000016ef       0x34 ./Drivers/Src/stm32f407xx_gpio_drv.o
 .debug_macro   0x0000000000001723       0x10 ./Drivers/Src/stm32f407xx_gpio_drv.o
 .debug_macro   0x0000000000001733       0x58 ./Drivers/Src/stm32f407xx_gpio_drv.o
 .debug_macro   0x000000000000178b       0x71 ./Drivers/Src/stm32f407xx_gpio_drv.o
 .debug_macro   0x00000000000017fc       0x1c ./Drivers/Src/stm32f407xx_gpio_drv.o
 .debug_macro   0x0000000000001818      0x12a ./Drivers/Src/stm32f407xx_gpio_drv.o
 .debug_macro   0x0000000000001942      0x341 ./Drivers/Src/stm32f407xx_gpio_drv.o
 .debug_macro   0x0000000000001c83       0x10 ./Drivers/Src/stm32f407xx_gpio_drv.o
 .debug_macro   0x0000000000001c93       0x35 ./Drivers/Src/stm32f407xx_gpio_drv.o
 .debug_macro   0x0000000000001cc8       0x20 ./Drivers/Src/stm32f407xx_gpio_drv.o
 .debug_macro   0x0000000000001ce8      0x10c ./Drivers/Src/stm32f407xx_gpio_drv.o
 .debug_macro   0x0000000000001df4      0x187 ./Drivers/Src/stm32f407xx_spi_driver.o
 .debug_macro   0x0000000000001f7b      0x18b ./Src/004_SPI_ArduinoTx.o

.debug_line     0x0000000000000000     0x1d56
 .debug_line    0x0000000000000000      0xc13 ./Drivers/Src/stm32f407xx_gpio_drv.o
 .debug_line    0x0000000000000c13      0x8e0 ./Drivers/Src/stm32f407xx_spi_driver.o
 .debug_line    0x00000000000014f3      0x7df ./Src/004_SPI_ArduinoTx.o
 .debug_line    0x0000000000001cd2       0x84 ./Startup/startup_stm32f407vetx.o

.debug_str      0x0000000000000000     0x88c5
 .debug_str     0x0000000000000000     0x86bf ./Drivers/Src/stm32f407xx_gpio_drv.o
                                       0x88da (size before relaxing)
 .debug_str     0x00000000000086bf      0x17f ./Drivers/Src/stm32f407xx_spi_driver.o
                                       0x87c5 (size before relaxing)
 .debug_str     0x000000000000883e       0x56 ./Src/004_SPI_ArduinoTx.o
                                       0x8797 (size before relaxing)
 .debug_str     0x0000000000008894       0x31 ./Startup/startup_stm32f407vetx.o
                                         0x8a (size before relaxing)

.comment        0x0000000000000000       0x50
 .comment       0x0000000000000000       0x50 ./Drivers/Src/stm32f407xx_gpio_drv.o
                                         0x51 (size before relaxing)
 .comment       0x0000000000000050       0x51 ./Drivers/Src/stm32f407xx_spi_driver.o
 .comment       0x0000000000000050       0x51 ./Src/004_SPI_ArduinoTx.o

.debug_frame    0x0000000000000000      0x3e4
 .debug_frame   0x0000000000000000      0x1c8 ./Drivers/Src/stm32f407xx_gpio_drv.o
 .debug_frame   0x00000000000001c8      0x14c ./Drivers/Src/stm32f407xx_spi_driver.o
 .debug_frame   0x0000000000000314       0xa4 ./Src/004_SPI_ArduinoTx.o
 .debug_frame   0x00000000000003b8       0x2c f:/softwares_installed/docnav/stm32_cubeide/stm32cubeide_1.10.1/stm32cubeide/plugins/com.st.stm32cube.ide.mcu.externaltools.gnu-tools-for-stm32.10.3-2021.10.win32_1.0.0.202111181127/tools/bin/../lib/gcc/arm-none-eabi/10.3.1/../../../../arm-none-eabi/lib/thumb/v7e-m+fp/hard\libc_nano.a(lib_a-init.o)
